2025-02-26 14:33:38,873 - XMLSender - INFO - Iniciando aplicaÁ„o Envio de Arquivos XML v1.0.0
2025-02-26 14:33:38,874 - XMLSender.ConfigManager - INFO - ConfiguraÁıes carregadas de config/settings.json
2025-02-26 14:33:39,152 - XMLSender - INFO - LicenÁa v·lida. Iniciando aplicaÁ„o.
2025-02-26 14:33:39,213 - XMLSender - WARNING - Arquivo de Ìcone n„o encontrado: assets/icon.png
2025-02-26 14:33:39,490 - XMLSender - INFO - AplicaÁ„o iniciada
2025-02-26 14:33:46,174 - XMLSender - INFO - Encerrando aplicaÁ„o
2025-02-26 14:33:46,174 - XMLSender.ConfigManager - INFO - ConfiguraÁıes salvas em config/settings.json
2025-02-26 14:34:24,480 - XMLSender - INFO - Iniciando aplicaÁ„o Envio de Arquivos XML v1.0.0
2025-02-26 14:34:24,480 - XMLSender.ConfigManager - INFO - ConfiguraÁıes carregadas de config/settings.json
2025-02-26 14:34:24,481 - XMLSender - WARNING - VerificaÁ„o de licenÁa falhou: LicenÁa n„o encontrada. Por favor, registre o produto.
2025-02-26 14:37:08,631 - XMLSender - INFO - Iniciando aplicaÁ„o Envio de Arquivos XML v1.0.0
2025-02-26 14:37:08,631 - XMLSender.ConfigManager - INFO - ConfiguraÁıes carregadas de config/settings.json
2025-02-26 14:37:08,632 - XMLSender - WARNING - VerificaÁ„o de licenÁa falhou: LicenÁa n„o encontrada. Por favor, registre o produto.
2025-02-26 14:40:06,637 - XMLSender - INFO - Iniciando aplicaÁ„o Envio de Arquivos XML v1.0.0
2025-02-26 14:40:06,637 - XMLSender.ConfigManager - INFO - ConfiguraÁıes carregadas de config/settings.json
2025-02-26 14:40:06,637 - XMLSender - WARNING - VerificaÁ„o de licenÁa falhou: LicenÁa n„o encontrada. Por favor, registre o produto.
2025-02-26 14:53:35,524 - XMLSender - INFO - Iniciando aplicaÁ„o Envio de Arquivos XML v1.0.0
2025-02-26 14:53:35,524 - XMLSender.ConfigManager - INFO - ConfiguraÁıes carregadas de config/settings.json
2025-02-26 14:53:35,525 - XMLSender - WARNING - VerificaÁ„o de licenÁa falhou: LicenÁa n„o encontrada. Por favor, registre o produto.
2025-02-26 14:56:45,457 - XMLSender - INFO - Iniciando aplicaÁ„o Envio de Arquivos XML v1.0.0
2025-02-26 14:56:45,457 - XMLSender.ConfigManager - INFO - ConfiguraÁıes carregadas de config/settings.json
2025-02-26 14:56:45,457 - XMLSender - WARNING - VerificaÁ„o de licenÁa falhou: LicenÁa n„o encontrada. Por favor, registre o produto.
2025-02-26 14:57:02,407 - XMLSender - INFO - LicenÁa v·lida. Iniciando aplicaÁ„o.
2025-02-26 14:57:02,456 - XMLSender - WARNING - Arquivo de Ìcone n„o encontrado: assets/icon.png
2025-02-26 14:57:02,730 - XMLSender - INFO - AplicaÁ„o iniciada
2025-02-26 14:57:32,530 - XMLSender - INFO - Encerrando aplicaÁ„o
2025-02-26 14:57:32,531 - XMLSender.ConfigManager - INFO - ConfiguraÁıes salvas em config/settings.json
2025-02-26 14:57:52,649 - XMLSender - INFO - Iniciando aplicaÁ„o Envio de Arquivos XML v1.0.0
2025-02-26 14:57:52,649 - XMLSender.ConfigManager - INFO - ConfiguraÁıes carregadas de config/settings.json
2025-02-26 14:57:52,880 - XMLSender - INFO - LicenÁa v·lida. Iniciando aplicaÁ„o.
2025-02-26 14:57:52,941 - XMLSender - WARNING - Arquivo de Ìcone n„o encontrado: assets/icon.png
2025-02-26 14:57:53,214 - XMLSender - INFO - AplicaÁ„o iniciada
2025-02-26 14:59:02,168 - XMLSender - INFO - Encerrando aplicaÁ„o
2025-02-26 14:59:02,169 - XMLSender.ConfigManager - INFO - ConfiguraÁıes salvas em config/settings.json
2025-02-26 15:01:03,382 - XMLSender - INFO - Iniciando aplicaÁ„o Envio de Arquivos XML v1.0.0
2025-02-26 15:01:03,382 - XMLSender.ConfigManager - INFO - ConfiguraÁıes carregadas de config/settings.json
2025-02-26 15:01:03,635 - XMLSender - INFO - LicenÁa v·lida. Iniciando aplicaÁ„o.
2025-02-26 15:01:03,702 - XMLSender - WARNING - Arquivo de Ìcone n„o encontrado: assets/icon.png
2025-02-26 15:01:03,988 - XMLSender - INFO - AplicaÁ„o iniciada
2025-02-26 15:01:08,511 - XMLSender - INFO - Encerrando aplicaÁ„o
2025-02-26 15:01:08,511 - XMLSender.ConfigManager - INFO - ConfiguraÁıes salvas em config/settings.json
2025-02-26 15:02:06,315 - XMLSender - INFO - Iniciando aplicaÁ„o Envio de Arquivos XML v1.0.0
2025-02-26 15:02:06,316 - XMLSender.ConfigManager - INFO - ConfiguraÁıes carregadas de config/settings.json
2025-02-26 15:02:06,554 - XMLSender - INFO - LicenÁa v·lida. Iniciando aplicaÁ„o.
2025-02-26 15:02:06,618 - XMLSender - WARNING - Arquivo de Ìcone n„o encontrado: assets/icon.png
2025-02-26 15:02:06,889 - XMLSender - INFO - AplicaÁ„o iniciada
2025-02-26 15:02:10,571 - XMLSender - INFO - Encerrando aplicaÁ„o
2025-02-26 15:02:10,571 - XMLSender.ConfigManager - INFO - ConfiguraÁıes salvas em config/settings.json
2025-02-26 15:03:06,881 - XMLSender - INFO - Iniciando aplicaÁ„o Envio de Arquivos XML v1.0.0
2025-02-26 15:03:06,881 - XMLSender.ConfigManager - INFO - ConfiguraÁıes carregadas de config/settings.json
2025-02-26 15:03:07,127 - XMLSender - INFO - LicenÁa v·lida. Iniciando aplicaÁ„o.
2025-02-26 15:03:07,189 - XMLSender - WARNING - Arquivo de Ìcone n„o encontrado: assets/icon.png
2025-02-26 15:03:07,443 - XMLSender - INFO - AplicaÁ„o iniciada
2025-02-26 15:03:15,073 - XMLSender - INFO - Encerrando aplicaÁ„o
2025-02-26 15:03:15,074 - XMLSender.ConfigManager - INFO - ConfiguraÁıes salvas em config/settings.json
2025-02-26 15:03:56,764 - XMLSender - INFO - Iniciando aplicaÁ„o Envio de Arquivos XML v1.0.0
2025-02-26 15:03:56,764 - XMLSender.ConfigManager - INFO - ConfiguraÁıes carregadas de config/settings.json
2025-02-26 15:03:57,011 - XMLSender - WARNING - VerificaÁ„o de licenÁa falhou: LicenÁa desativada
2025-02-26 15:04:31,507 - XMLSender - INFO - Iniciando aplicaÁ„o Envio de Arquivos XML v1.0.0
2025-02-26 15:04:31,508 - XMLSender.ConfigManager - INFO - ConfiguraÁıes carregadas de config/settings.json
2025-02-26 15:04:31,770 - XMLSender - WARNING - VerificaÁ„o de licenÁa falhou: LicenÁa n„o est· ativa.
2025-02-26 15:04:49,380 - XMLSender - INFO - Iniciando aplicaÁ„o Envio de Arquivos XML v1.0.0
2025-02-26 15:04:49,380 - XMLSender.ConfigManager - INFO - ConfiguraÁıes carregadas de config/settings.json
2025-02-26 15:04:49,629 - XMLSender - WARNING - VerificaÁ„o de licenÁa falhou: LicenÁa n„o est· ativa.
2025-02-26 15:11:03,783 - XMLSender - INFO - Iniciando aplicaÁ„o Envio de Arquivos XML v1.0.0
2025-02-26 15:11:03,783 - XMLSender.ConfigManager - INFO - ConfiguraÁıes carregadas de config/settings.json
2025-02-26 15:11:04,024 - XMLSender - WARNING - VerificaÁ„o de licenÁa falhou: LicenÁa n„o est· ativa.
2025-02-26 15:11:41,389 - XMLSender - INFO - Iniciando aplicaÁ„o Envio de Arquivos XML v1.0.0
2025-02-26 15:11:41,390 - XMLSender.ConfigManager - INFO - ConfiguraÁıes carregadas de config/settings.json
2025-02-26 15:11:41,668 - XMLSender - WARNING - VerificaÁ„o de licenÁa falhou: LicenÁa n„o est· ativa.
2025-02-26 15:12:45,003 - XMLSender - INFO - Iniciando aplicaÁ„o Envio de Arquivos XML v1.0.0
2025-02-26 15:12:45,003 - XMLSender.ConfigManager - INFO - ConfiguraÁıes carregadas de config/settings.json
2025-02-26 15:12:45,256 - XMLSender - WARNING - VerificaÁ„o de licenÁa falhou: LicenÁa desativada
2025-02-26 15:12:58,528 - XMLSender - INFO - Iniciando aplicaÁ„o Envio de Arquivos XML v1.0.0
2025-02-26 15:12:58,528 - XMLSender.ConfigManager - INFO - ConfiguraÁıes carregadas de config/settings.json
2025-02-26 15:12:58,766 - XMLSender - WARNING - VerificaÁ„o de licenÁa falhou: LicenÁa n„o est· ativa.
2025-02-26 15:14:07,205 - XMLSender - INFO - Iniciando aplicaÁ„o Envio de Arquivos XML v1.0.0
2025-02-26 15:14:07,205 - XMLSender.ConfigManager - INFO - ConfiguraÁıes carregadas de config/settings.json
2025-02-26 15:14:07,453 - XMLSender - WARNING - VerificaÁ„o de licenÁa falhou: LicenÁa n„o est· ativa.
2025-02-26 15:18:37,562 - XMLSender - INFO - Iniciando aplicaÁ„o Envio de Arquivos XML v1.0.0
2025-02-26 15:18:37,562 - XMLSender.ConfigManager - INFO - ConfiguraÁıes carregadas de config/settings.json
2025-02-26 15:18:37,809 - XMLSender - WARNING - VerificaÁ„o de licenÁa falhou: LicenÁa n„o est· ativa.
2025-02-26 15:19:48,585 - XMLSender - INFO - Iniciando aplicaÁ„o Envio de Arquivos XML v1.0.0
2025-02-26 15:19:48,586 - XMLSender.ConfigManager - INFO - ConfiguraÁıes carregadas de config/settings.json
2025-02-26 15:19:48,858 - XMLSender - WARNING - VerificaÁ„o de licenÁa falhou: LicenÁa n„o est· ativa.
2025-02-26 15:20:17,499 - XMLSender - INFO - Iniciando aplicaÁ„o Envio de Arquivos XML v1.0.0
2025-02-26 15:20:17,500 - XMLSender.ConfigManager - INFO - ConfiguraÁıes carregadas de config/settings.json
2025-02-26 15:20:17,500 - XMLSender - WARNING - VerificaÁ„o de licenÁa falhou: LicenÁa n„o encontrada. Por favor, registre o produto.
2025-02-26 15:21:06,746 - XMLSender - INFO - Iniciando aplicaÁ„o Envio de Arquivos XML v1.0.0
2025-02-26 15:21:06,746 - XMLSender.ConfigManager - INFO - ConfiguraÁıes carregadas de config/settings.json
2025-02-26 15:21:06,990 - XMLSender - WARNING - VerificaÁ„o de licenÁa falhou: LicenÁa n„o est· ativa.
2025-06-02 10:21:33,252 - XMLSender - INFO - Iniciando aplicaÁ„o Envio de Arquivos XML v1.0.0
2025-06-02 10:21:33,252 - XMLSender.ConfigManager - INFO - ConfiguraÁıes carregadas de config/settings.json
2025-06-02 10:21:33,310 - XMLSender - WARNING - Arquivo de Ìcone n„o encontrado: assets/icon.png
2025-06-02 10:21:33,353 - XMLSender - INFO - AplicaÁ„o iniciada
2025-06-02 10:21:56,507 - XMLSender.EmailService - WARNING - Porta 587 n„o È recomendada para Gmail com SSL. Alterando para 465.
2025-06-02 10:21:59,053 - XMLSender.EmailService - INFO - Teste de conex„o SMTP realizado com sucesso
2025-06-02 10:22:00,923 - XMLSender.ConfigManager - INFO - ConfiguraÁıes salvas em config/settings.json
2025-06-02 10:22:18,906 - XMLSender.ConfigManager - INFO - ConfiguraÁıes salvas em config/settings.json
2025-06-02 10:22:21,745 - XMLSender.ConfigManager - INFO - ConfiguraÁıes salvas em config/settings.json
2025-06-02 10:23:55,166 - XMLSender - INFO - Encerrando aplicaÁ„o
2025-06-02 10:23:55,166 - XMLSender.ConfigManager - INFO - ConfiguraÁıes salvas em config/settings.json
2025-06-02 10:35:27,036 - XMLSender - INFO - Iniciando aplicaÁ„o Envio de Arquivos XML v1.0.0
2025-06-02 10:35:27,036 - XMLSender.ConfigManager - INFO - ConfiguraÁıes carregadas de config/settings.json
2025-06-02 10:35:27,092 - XMLSender - WARNING - Arquivo de Ìcone n„o encontrado: assets/icon.png
2025-06-02 10:36:04,862 - XMLSender - INFO - Iniciando aplicaÁ„o Envio de Arquivos XML v1.0.0
2025-06-02 10:36:04,862 - XMLSender.ConfigManager - INFO - ConfiguraÁıes carregadas de config/settings.json
2025-06-02 10:36:04,912 - XMLSender - WARNING - Arquivo de Ìcone n„o encontrado: assets/icon.png
2025-06-02 10:37:38,666 - XMLSender - INFO - Iniciando aplicaÁ„o Envio de Arquivos XML v1.0.0
2025-06-02 10:37:38,666 - XMLSender.ConfigManager - INFO - ConfiguraÁıes carregadas de config/settings.json
2025-06-02 10:37:38,720 - XMLSender - WARNING - Arquivo de Ìcone n„o encontrado: assets/icon.png
2025-06-02 10:37:38,967 - XMLSender - INFO - AplicaÁ„o iniciada
2025-06-02 10:46:41,706 - XMLSender - INFO - Encerrando aplicaÁ„o
2025-06-02 10:46:41,707 - XMLSender.ConfigManager - INFO - ConfiguraÁıes salvas em config/settings.json
2025-06-02 10:47:23,067 - XMLSender - INFO - Iniciando aplicaÁ„o Envio de Arquivos XML v1.0.0
2025-06-02 10:47:23,067 - XMLSender.ConfigManager - INFO - ConfiguraÁıes carregadas de config/settings.json
2025-06-02 10:47:23,129 - XMLSender - WARNING - Arquivo de Ìcone n„o encontrado: assets/icon.png
2025-06-02 10:47:23,275 - XMLSender - INFO - AplicaÁ„o iniciada
2025-06-02 10:47:45,405 - XMLSender - INFO - Encerrando aplicaÁ„o
2025-06-02 10:47:45,405 - XMLSender.ConfigManager - INFO - ConfiguraÁıes salvas em config/settings.json
2025-06-02 10:51:46,080 - XMLSender - INFO - Iniciando aplicaÁ„o Envio de Arquivos XML v1.0.0
2025-06-02 10:51:46,080 - XMLSender.ConfigManager - INFO - ConfiguraÁıes carregadas de config/settings.json
2025-06-02 10:51:46,147 - XMLSender - WARNING - Arquivo de Ìcone n„o encontrado: assets/icon.png
2025-06-02 10:51:46,336 - XMLSender - INFO - AplicaÁ„o iniciada
2025-06-02 10:52:30,830 - XMLSender - INFO - Encerrando aplicaÁ„o
2025-06-02 10:52:30,831 - XMLSender.ConfigManager - INFO - ConfiguraÁıes salvas em config/settings.json
2025-06-02 10:56:24,555 - XMLSender - INFO - Iniciando aplicaÁ„o Envio de Arquivos XML v1.0.0
2025-06-02 10:56:24,556 - XMLSender.ConfigManager - INFO - ConfiguraÁıes carregadas de config/settings.json
2025-06-02 10:56:24,623 - XMLSender - WARNING - Arquivo de Ìcone n„o encontrado: assets/icon.png
2025-06-02 10:56:24,809 - XMLSender - INFO - AplicaÁ„o iniciada
2025-06-02 10:56:31,000 - XMLSender.EmailService - WARNING - Porta 587 n„o È recomendada para Gmail com SSL. Alterando para 465.
2025-06-02 10:56:33,464 - XMLSender.EmailService - INFO - Teste de conex„o SMTP realizado com sucesso
2025-06-02 10:56:34,952 - XMLSender.ConfigManager - INFO - ConfiguraÁıes salvas em config/settings.json
2025-06-02 10:58:08,900 - XMLSender - INFO - Encerrando aplicaÁ„o
2025-06-02 10:58:08,900 - XMLSender.ConfigManager - INFO - ConfiguraÁıes salvas em config/settings.json
2025-06-02 11:00:39,778 - XMLSender - INFO - Iniciando aplicaÁ„o Envio de Arquivos XML v1.0.0
2025-06-02 11:00:39,780 - XMLSender.ConfigManager - INFO - ConfiguraÁıes carregadas de config/settings.json
2025-06-02 11:00:39,841 - XMLSender - WARNING - Arquivo de Ìcone n„o encontrado: assets/icon.png
2025-06-02 11:00:40,021 - XMLSender - INFO - AplicaÁ„o iniciada
2025-06-02 11:00:51,908 - XMLSender - INFO - Encerrando aplicaÁ„o
2025-06-02 11:00:51,908 - XMLSender.ConfigManager - INFO - ConfiguraÁıes salvas em config/settings.json
2025-06-02 11:00:56,649 - XMLSender - INFO - Iniciando aplicaÁ„o Envio de Arquivos XML v1.0.0
2025-06-02 11:00:56,650 - XMLSender.ConfigManager - INFO - ConfiguraÁıes carregadas de config/settings.json
2025-06-02 11:00:56,711 - XMLSender - WARNING - Arquivo de Ìcone n„o encontrado: assets/icon.png
2025-06-02 11:00:56,877 - XMLSender - INFO - AplicaÁ„o iniciada
2025-06-02 11:01:39,566 - XMLSender - INFO - Encerrando aplicaÁ„o
2025-06-02 11:01:39,566 - XMLSender.ConfigManager - INFO - ConfiguraÁıes salvas em config/settings.json
2025-06-02 11:04:29,157 - XMLSender - INFO - Iniciando aplicaÁ„o Envio de Arquivos XML v1.0.0
2025-06-02 11:04:29,157 - XMLSender.ConfigManager - INFO - ConfiguraÁıes carregadas de config/settings.json
2025-06-02 11:04:29,220 - XMLSender - WARNING - Arquivo de Ìcone n„o encontrado: assets/icon.png
2025-06-02 11:04:29,388 - XMLSender - INFO - AplicaÁ„o iniciada
2025-06-02 11:05:44,808 - XMLSender - INFO - Encerrando aplicaÁ„o
2025-06-02 11:05:44,809 - XMLSender.ConfigManager - INFO - ConfiguraÁıes salvas em config/settings.json
2025-06-02 11:08:03,912 - XMLSender - INFO - Iniciando aplicaÁ„o Envio de Arquivos XML v1.0.0
2025-06-02 11:08:03,913 - XMLSender.ConfigManager - INFO - ConfiguraÁıes carregadas de config/settings.json
2025-06-02 11:08:03,978 - XMLSender - WARNING - Arquivo de Ìcone n„o encontrado: assets/icon.png
2025-06-02 11:08:04,160 - XMLSender - INFO - AplicaÁ„o iniciada
2025-06-02 11:08:22,512 - XMLSender - INFO - Encerrando aplicaÁ„o
2025-06-02 11:08:22,513 - XMLSender.ConfigManager - INFO - ConfiguraÁıes salvas em config/settings.json
2025-06-02 11:10:24,996 - XMLSender - INFO - Iniciando aplicaÁ„o Envio de Arquivos XML v1.0.0
2025-06-02 11:10:24,996 - XMLSender.ConfigManager - INFO - ConfiguraÁıes carregadas de config/settings.json
2025-06-02 11:10:25,059 - XMLSender - WARNING - Arquivo de Ìcone n„o encontrado: assets/icon.png
2025-06-02 11:10:25,243 - XMLSender - INFO - AplicaÁ„o iniciada
2025-06-02 11:10:27,535 - XMLSender - INFO - Encerrando aplicaÁ„o
2025-06-02 11:10:27,536 - XMLSender.ConfigManager - INFO - ConfiguraÁıes salvas em config/settings.json
2025-06-02 11:10:32,256 - XMLSender - INFO - Iniciando aplicaÁ„o Envio de Arquivos XML v1.0.0
2025-06-02 11:10:32,256 - XMLSender.ConfigManager - INFO - ConfiguraÁıes carregadas de config/settings.json
2025-06-02 11:10:32,323 - XMLSender - WARNING - Arquivo de Ìcone n„o encontrado: assets/icon.png
2025-06-02 11:10:32,506 - XMLSender - INFO - AplicaÁ„o iniciada
2025-06-02 11:10:34,498 - XMLSender - INFO - Encerrando aplicaÁ„o
2025-06-02 11:10:34,499 - XMLSender.ConfigManager - INFO - ConfiguraÁıes salvas em config/settings.json
2025-06-02 11:10:37,751 - XMLSender - INFO - Iniciando aplicaÁ„o Envio de Arquivos XML v1.0.0
2025-06-02 11:10:37,751 - XMLSender.ConfigManager - INFO - ConfiguraÁıes carregadas de config/settings.json
2025-06-02 11:10:37,814 - XMLSender - WARNING - Arquivo de Ìcone n„o encontrado: assets/icon.png
2025-06-02 11:10:38,004 - XMLSender - INFO - AplicaÁ„o iniciada
2025-06-02 11:10:41,687 - XMLSender - INFO - Encerrando aplicaÁ„o
2025-06-02 11:10:41,688 - XMLSender.ConfigManager - INFO - ConfiguraÁıes salvas em config/settings.json
2025-06-02 11:10:51,581 - XMLSender - INFO - Iniciando aplicaÁ„o Envio de Arquivos XML v1.0.0
2025-06-02 11:10:51,581 - XMLSender.ConfigManager - INFO - ConfiguraÁıes carregadas de config/settings.json
2025-06-02 11:10:51,646 - XMLSender - WARNING - Arquivo de Ìcone n„o encontrado: assets/icon.png
2025-06-02 11:10:51,837 - XMLSender - INFO - AplicaÁ„o iniciada
2025-06-02 11:11:01,426 - XMLSender - INFO - Encerrando aplicaÁ„o
2025-06-02 11:11:01,428 - XMLSender.ConfigManager - INFO - ConfiguraÁıes salvas em config/settings.json
2025-06-02 11:11:05,650 - XMLSender - INFO - Iniciando aplicaÁ„o Envio de Arquivos XML v1.0.0
2025-06-02 11:11:05,650 - XMLSender.ConfigManager - INFO - ConfiguraÁıes carregadas de config/settings.json
2025-06-02 11:11:05,715 - XMLSender - WARNING - Arquivo de Ìcone n„o encontrado: assets/icon.png
2025-06-02 11:11:05,898 - XMLSender - INFO - AplicaÁ„o iniciada
2025-06-02 11:11:18,118 - XMLSender - INFO - Encerrando aplicaÁ„o
2025-06-02 11:11:18,119 - XMLSender.ConfigManager - INFO - ConfiguraÁıes salvas em config/settings.json
2025-06-02 11:11:52,773 - XMLSender - INFO - Iniciando aplicaÁ„o Envio de Arquivos XML v1.0.0
2025-06-02 11:11:52,773 - XMLSender.ConfigManager - INFO - ConfiguraÁıes carregadas de config/settings.json
2025-06-02 11:11:52,839 - XMLSender - WARNING - Arquivo de Ìcone n„o encontrado: assets/icon.png
2025-06-02 11:11:53,037 - XMLSender - INFO - AplicaÁ„o iniciada
2025-06-02 11:12:17,743 - XMLSender - INFO - Encerrando aplicaÁ„o
2025-06-02 11:12:17,743 - XMLSender.ConfigManager - INFO - ConfiguraÁıes salvas em config/settings.json
2025-06-02 11:12:52,654 - XMLSender - INFO - Iniciando aplicaÁ„o Envio de Arquivos XML v1.0.0
2025-06-02 11:12:52,654 - XMLSender.ConfigManager - INFO - ConfiguraÁıes carregadas de config/settings.json
2025-06-02 11:12:52,716 - XMLSender - WARNING - Arquivo de Ìcone n„o encontrado: assets/icon.png
2025-06-02 11:12:52,919 - XMLSender - INFO - AplicaÁ„o iniciada
2025-06-02 11:13:41,937 - XMLSender - INFO - Encerrando aplicaÁ„o
2025-06-02 11:13:41,938 - XMLSender.ConfigManager - INFO - ConfiguraÁıes salvas em config/settings.json
2025-06-02 12:38:19,907 - XMLSender - INFO - Iniciando aplicaÁ„o Envio de Arquivos XML v1.0.0
2025-06-02 12:38:19,907 - XMLSender.ConfigManager - INFO - ConfiguraÁıes carregadas de config/settings.json
2025-06-02 12:38:19,980 - XMLSender - WARNING - Arquivo de Ìcone n„o encontrado: assets/icon.png
2025-06-02 12:38:20,169 - XMLSender - INFO - AplicaÁ„o iniciada
2025-06-02 12:38:23,484 - XMLSender.XMLFinder - INFO - Buscando arquivos para doc 19359762000107 no perÌodo 202505
2025-06-02 12:38:23,485 - XMLSender.XMLFinder - WARNING - DiretÛrio n„o encontrado: C:\DigiSat\SuiteG6\Servidor\DFe\NFCe\2025\05
2025-06-02 12:38:23,485 - XMLSender.XMLFinder - WARNING - DiretÛrio n„o encontrado: C:\DigiSat\SuiteG6\Servidor\DFe\NFe\2025\05
2025-06-02 12:38:30,590 - XMLSender - INFO - Encerrando aplicaÁ„o
2025-06-02 12:38:30,591 - XMLSender.ConfigManager - INFO - ConfiguraÁıes salvas em config/settings.json
2025-06-02 12:39:24,409 - XMLSender - INFO - Iniciando aplicaÁ„o Envio de Arquivos XML v1.0.0
2025-06-02 12:39:24,409 - XMLSender.ConfigManager - INFO - ConfiguraÁıes carregadas de config/settings.json
2025-06-02 12:39:24,475 - XMLSender - WARNING - Arquivo de Ìcone n„o encontrado: assets/icon.png
2025-06-02 12:39:24,667 - XMLSender - INFO - AplicaÁ„o iniciada
2025-06-02 12:39:25,466 - XMLSender.XMLFinder - INFO - Buscando arquivos XML para Doc ID=19359762000107, perÌodo=202505
2025-06-02 12:39:25,466 - XMLSender.XMLFinder - WARNING - DiretÛrio n„o encontrado: C:\DigiSat\SuiteG6\Servidor\DFe\19359762000107\Enviado\NFCe\202505\Autorizados
2025-06-02 12:39:25,466 - XMLSender.XMLFinder - WARNING - DiretÛrio n„o encontrado: C:\DigiSat\SuiteG6\Servidor\DFe\19359762000107\Enviado\NF-e\202505\Autorizados
2025-06-02 12:41:16,375 - XMLSender - INFO - Encerrando aplicaÁ„o
2025-06-02 12:41:16,376 - XMLSender.ConfigManager - INFO - ConfiguraÁıes salvas em config/settings.json
2025-06-02 12:41:25,262 - XMLSender - INFO - Iniciando aplicaÁ„o Envio de Arquivos XML v1.0.0
2025-06-02 12:41:25,263 - XMLSender.ConfigManager - INFO - ConfiguraÁıes carregadas de config/settings.json
2025-06-02 12:41:25,327 - XMLSender - WARNING - Arquivo de Ìcone n„o encontrado: assets/icon.png
2025-06-02 12:41:25,521 - XMLSender - INFO - AplicaÁ„o iniciada
2025-06-02 12:41:26,908 - XMLSender.XMLFinder - INFO - Buscando arquivos XML para Doc ID=19359762000107, perÌodo=202505
2025-06-02 12:41:26,908 - XMLSender.XMLFinder - INFO - Verificando caminho NFCe: C:\DigiSat\SuiteG6\Servidor\DFe\19359762000107\Enviado\NFCe\202505\Autorizados
2025-06-02 12:41:26,908 - XMLSender.XMLFinder - WARNING - DiretÛrio n„o encontrado: C:\DigiSat\SuiteG6\Servidor\DFe\19359762000107\Enviado\NFCe\202505\Autorizados
2025-06-02 12:41:26,908 - XMLSender.XMLFinder - INFO - Verificando caminho NFe: C:\DigiSat\SuiteG6\Servidor\DFe\19359762000107\Enviado\NF-e\202505\Autorizados
2025-06-02 12:41:26,909 - XMLSender.XMLFinder - WARNING - DiretÛrio n„o encontrado: C:\DigiSat\SuiteG6\Servidor\DFe\19359762000107\Enviado\NF-e\202505\Autorizados
2025-06-02 12:41:40,277 - XMLSender.XMLFinder - INFO - Buscando arquivos XML para Doc ID=19359762000107, perÌodo=202501
2025-06-02 12:41:40,277 - XMLSender.XMLFinder - INFO - Verificando caminho NFCe: C:\DigiSat\SuiteG6\Servidor\DFe\19359762000107\Enviado\NFCe\202501\Autorizados
2025-06-02 12:41:40,278 - XMLSender.XMLFinder - INFO - Arquivos XML encontrados em C:\DigiSat\SuiteG6\Servidor\DFe\19359762000107\Enviado\NFCe\202501\Autorizados: ['01.xml']
2025-06-02 12:41:40,278 - XMLSender.XMLFinder - INFO - Encontrados 1 arquivos NFCe
2025-06-02 12:41:40,278 - XMLSender.XMLFinder - INFO - Verificando caminho NFe: C:\DigiSat\SuiteG6\Servidor\DFe\19359762000107\Enviado\NF-e\202501\Autorizados
2025-06-02 12:41:40,278 - XMLSender.XMLFinder - WARNING - DiretÛrio n„o encontrado: C:\DigiSat\SuiteG6\Servidor\DFe\19359762000107\Enviado\NF-e\202501\Autorizados
2025-06-02 12:41:40,282 - XMLSender.ZipService - INFO - Arquivo ZIP criado em temp/19359762000107_202501_xmls.zip com 1 arquivos
2025-06-02 12:41:40,284 - XMLSender.EmailService - WARNING - Porta 587 n„o È recomendada para Gmail com SSL. Alterando para 465.
2025-06-02 12:41:44,610 - XMLSender.EmailService - INFO - Email enviado com sucesso para adrielt00@yahoo.com.br
2025-06-02 12:41:58,680 - XMLSender.XMLFinder - INFO - Buscando arquivos XML para Doc ID=19359762000107, perÌodo=202502
2025-06-02 12:41:58,681 - XMLSender.XMLFinder - INFO - Verificando caminho NFCe: C:\DigiSat\SuiteG6\Servidor\DFe\19359762000107\Enviado\NFCe\202502\Autorizados
2025-06-02 12:41:58,681 - XMLSender.XMLFinder - INFO - Arquivos XML encontrados em C:\DigiSat\SuiteG6\Servidor\DFe\19359762000107\Enviado\NFCe\202502\Autorizados: ['01.xml']
2025-06-02 12:41:58,681 - XMLSender.XMLFinder - INFO - Encontrados 1 arquivos NFCe
2025-06-02 12:41:58,681 - XMLSender.XMLFinder - INFO - Verificando caminho NFe: C:\DigiSat\SuiteG6\Servidor\DFe\19359762000107\Enviado\NF-e\202502\Autorizados
2025-06-02 12:41:58,681 - XMLSender.XMLFinder - WARNING - DiretÛrio n„o encontrado: C:\DigiSat\SuiteG6\Servidor\DFe\19359762000107\Enviado\NF-e\202502\Autorizados
2025-06-02 12:41:58,684 - XMLSender.ZipService - INFO - Arquivo ZIP criado em temp/19359762000107_202502_xmls.zip com 1 arquivos
2025-06-02 12:41:58,686 - XMLSender.EmailService - WARNING - Porta 587 n„o È recomendada para Gmail com SSL. Alterando para 465.
2025-06-02 12:42:02,719 - XMLSender.EmailService - INFO - Email enviado com sucesso para adrielt00@yahoo.com.br
2025-06-02 12:42:29,104 - XMLSender - INFO - Encerrando aplicaÁ„o
2025-06-02 12:42:29,105 - XMLSender.ConfigManager - INFO - ConfiguraÁıes salvas em config/settings.json
2025-06-02 12:48:31,557 - XMLSender - INFO - Iniciando aplicaÁ„o Envio de Arquivos XML v1.0.0
2025-06-02 12:48:31,557 - XMLSender.ConfigManager - INFO - ConfiguraÁıes carregadas de config/settings.json
2025-06-02 12:48:31,626 - XMLSender - WARNING - Arquivo de Ìcone n„o encontrado: assets/icon.png
2025-06-02 12:48:31,825 - XMLSender - INFO - AplicaÁ„o iniciada
2025-06-02 12:48:35,752 - XMLSender.XMLFinder - INFO - Buscando arquivos XML para Doc ID=19359762000107, perÌodo=202501
2025-06-02 12:48:35,752 - XMLSender.XMLFinder - INFO - Verificando caminho NFCe: C:\DigiSat\SuiteG6\Servidor\DFe\19359762000107\Enviado\NFCe\202501\Autorizados
2025-06-02 12:48:35,752 - XMLSender.XMLFinder - INFO - Arquivos XML encontrados em C:\DigiSat\SuiteG6\Servidor\DFe\19359762000107\Enviado\NFCe\202501\Autorizados: ['01.xml']
2025-06-02 12:48:35,752 - XMLSender.XMLFinder - INFO - Encontrados 1 arquivos NFCe
2025-06-02 12:48:35,752 - XMLSender.XMLFinder - INFO - Verificando caminho NFe: C:\DigiSat\SuiteG6\Servidor\DFe\19359762000107\Enviado\NF-e\202501\Autorizados
2025-06-02 12:48:35,753 - XMLSender.XMLFinder - WARNING - DiretÛrio n„o encontrado: C:\DigiSat\SuiteG6\Servidor\DFe\19359762000107\Enviado\NF-e\202501\Autorizados
2025-06-02 12:48:35,756 - XMLSender.ZipService - INFO - Arquivo ZIP criado em temp/19359762000107_202501_xmls.zip com 1 arquivos
2025-06-02 12:48:35,757 - XMLSender.EmailService - WARNING - Porta 587 n„o È recomendada para Gmail com SSL. Alterando para 465.
2025-06-02 12:48:39,751 - XMLSender.EmailService - INFO - Email enviado com sucesso para adrielt00@yahoo.com.br
2025-06-02 12:48:40,974 - XMLSender - INFO - Encerrando aplicaÁ„o
2025-06-02 12:48:40,975 - XMLSender.ConfigManager - INFO - ConfiguraÁıes salvas em config/settings.json
2025-06-03 09:00:23,897 - XMLSender - INFO - Iniciando aplicaÁ„o Envio de Arquivos XML v1.0.0
2025-06-03 09:00:23,897 - XMLSender.ConfigManager - INFO - ConfiguraÁıes carregadas de config/settings.json
2025-06-03 09:00:24,094 - XMLSender - WARNING - Arquivo de Ìcone n„o encontrado: assets/icon.png
2025-06-03 09:00:24,375 - XMLSender - INFO - AplicaÁ„o iniciada
2025-06-03 09:00:29,376 - XMLSender.XMLFinder - INFO - Buscando arquivos XML para Doc ID=19359762000107, perÌodo=202505
2025-06-03 09:00:29,376 - XMLSender.XMLFinder - INFO - Verificando caminho NFCe: C:\DigiSat\SuiteG6\Servidor\DFe\19359762000107\Enviado\NFCe\202505\Autorizados
2025-06-03 09:00:29,379 - XMLSender.XMLFinder - WARNING - DiretÛrio n„o encontrado: C:\DigiSat\SuiteG6\Servidor\DFe\19359762000107\Enviado\NFCe\202505\Autorizados
2025-06-03 09:00:29,379 - XMLSender.XMLFinder - INFO - Tentando caminho NFe: C:\DigiSat\SuiteG6\Servidor\DFe\19359762000107\Enviado\NF-e\202505\Autorizados
2025-06-03 09:00:29,379 - XMLSender.XMLFinder - INFO - Tentando caminho NFe: C:\DigiSat\SuiteG6\Servidor\DFe\19359762000107\Enviado\NFe\202505\Autorizados
2025-06-03 09:00:29,379 - XMLSender.XMLFinder - INFO - Tentando caminho NFe: C:\DigiSat\SuiteG6\Servidor\DFe\19359762000107\Enviado\nfe\202505\Autorizados
2025-06-03 09:00:29,379 - XMLSender.XMLFinder - INFO - Tentando caminho NFe: C:\DigiSat\SuiteG6\Servidor\DFe\19359762000107\Enviado\NF_e\202505\Autorizados
2025-06-03 09:00:29,379 - XMLSender.XMLFinder - INFO - Tentando caminho NFe: C:\DigiSat\SuiteG6\Servidor\DFe\19359762000107\Enviado\NFE\202505\Autorizados
2025-06-03 09:00:29,379 - XMLSender.XMLFinder - INFO - Tentando busca flexÌvel em: C:\DigiSat\SuiteG6\Servidor\DFe\19359762000107\Enviado
2025-06-03 09:00:29,379 - XMLSender.XMLFinder - INFO - SubdiretÛrios encontrados contendo 'nf': ['NFCe', 'NFe']
2025-06-03 09:00:29,379 - XMLSender.XMLFinder - INFO - Testando subdiretÛrio encontrado: C:\DigiSat\SuiteG6\Servidor\DFe\19359762000107\Enviado\NFe\202505\Autorizados
2025-06-03 09:00:29,379 - XMLSender.XMLFinder - WARNING - Nenhum diretÛrio NFe encontrado para o perÌodo 202505
2025-06-03 09:00:29,379 - XMLSender.XMLFinder - INFO - === DEBUG NFe - Estrutura de diretÛrios ===
2025-06-03 09:00:29,380 - XMLSender.XMLFinder - INFO - Base path: C:\DigiSat\SuiteG6\Servidor\DFe\19359762000107\Enviado
2025-06-03 09:00:29,380 - XMLSender.XMLFinder - INFO - SubdiretÛrios em 'Enviado': ['NFCe', 'NFe']
2025-06-03 09:00:29,380 - XMLSender.XMLFinder - INFO -   Verificando: NFCe
2025-06-03 09:00:29,380 - XMLSender.XMLFinder - INFO -     Conte˙do: ['202501', '202502']
2025-06-03 09:00:29,380 - XMLSender.XMLFinder - INFO -   Verificando: NFe
2025-06-03 09:00:29,381 - XMLSender.XMLFinder - INFO -     Conte˙do: ['202501']
2025-06-03 09:00:35,746 - XMLSender.XMLFinder - INFO - Buscando arquivos XML para Doc ID=19359762000107, perÌodo=202501
2025-06-03 09:00:35,746 - XMLSender.XMLFinder - INFO - Verificando caminho NFCe: C:\DigiSat\SuiteG6\Servidor\DFe\19359762000107\Enviado\NFCe\202501\Autorizados
2025-06-03 09:00:35,747 - XMLSender.XMLFinder - INFO - Arquivos XML encontrados em C:\DigiSat\SuiteG6\Servidor\DFe\19359762000107\Enviado\NFCe\202501\Autorizados: ['01.xml']
2025-06-03 09:00:35,747 - XMLSender.XMLFinder - INFO - Encontrados 1 arquivos NFCe
2025-06-03 09:00:35,747 - XMLSender.XMLFinder - INFO - Tentando caminho NFe: C:\DigiSat\SuiteG6\Servidor\DFe\19359762000107\Enviado\NF-e\202501\Autorizados
2025-06-03 09:00:35,747 - XMLSender.XMLFinder - INFO - Tentando caminho NFe: C:\DigiSat\SuiteG6\Servidor\DFe\19359762000107\Enviado\NFe\202501\Autorizados
2025-06-03 09:00:35,748 - XMLSender.XMLFinder - INFO - Arquivos XML encontrados em C:\DigiSat\SuiteG6\Servidor\DFe\19359762000107\Enviado\NFe\202501\Autorizados: ['01.xml']
2025-06-03 09:00:35,749 - XMLSender.XMLFinder - INFO - Encontrados 1 arquivos NFe em C:\DigiSat\SuiteG6\Servidor\DFe\19359762000107\Enviado\NFe\202501\Autorizados
2025-06-03 09:00:35,755 - XMLSender.ZipService - INFO - Arquivo ZIP criado em temp/19359762000107_202501_xmls.zip com 2 arquivos
2025-06-03 09:00:35,757 - XMLSender.EmailService - WARNING - Porta 587 n„o È recomendada para Gmail com SSL. Alterando para 465.
2025-06-03 09:00:40,249 - XMLSender.EmailService - INFO - Email enviado com sucesso para adrielt00@yahoo.com.br
2025-06-03 09:01:52,296 - XMLSender - INFO - Encerrando aplicaÁ„o
2025-06-03 09:01:52,298 - XMLSender.ConfigManager - INFO - ConfiguraÁıes salvas em config/settings.json
2025-06-03 09:55:29,515 - XMLSender - INFO - Iniciando aplica√ß√£o Envio de Arquivos XML v1.0.0
2025-06-03 09:55:29,516 - XMLSender.ConfigManager - INFO - Configura√ß√µes carregadas de config/settings.json
2025-06-03 09:55:29,590 - XMLSender - INFO - √çcone da aplica√ß√£o carregado: assets/icon.ico
2025-06-03 09:55:29,806 - XMLSender - INFO - Configura√ß√£o padr√£o adicionada: ui
2025-06-03 09:55:29,806 - XMLSender - INFO - Aplica√ß√£o iniciada com sucesso
2025-06-03 09:55:41,752 - XMLSender.XMLFinder - INFO - Buscando arquivos XML para Doc ID=19359762000107, per√≠odo=202501
2025-06-03 09:55:41,752 - XMLSender.XMLFinder - INFO - Verificando caminho NFCe: C:\DigiSat\SuiteG6\Servidor\DFe\19359762000107\Enviado\NFCe\202501\Autorizados
2025-06-03 09:55:41,753 - XMLSender.XMLFinder - INFO - Arquivos XML encontrados em C:\DigiSat\SuiteG6\Servidor\DFe\19359762000107\Enviado\NFCe\202501\Autorizados: ['01.xml']
2025-06-03 09:55:41,753 - XMLSender.XMLFinder - INFO - Encontrados 1 arquivos NFCe
2025-06-03 09:55:41,753 - XMLSender.XMLFinder - INFO - Tentando caminho NFe: C:\DigiSat\SuiteG6\Servidor\DFe\19359762000107\Enviado\NF-e\202501\Autorizados
2025-06-03 09:55:41,753 - XMLSender.XMLFinder - INFO - Tentando caminho NFe: C:\DigiSat\SuiteG6\Servidor\DFe\19359762000107\Enviado\NFe\202501\Autorizados
2025-06-03 09:55:41,754 - XMLSender.XMLFinder - INFO - Arquivos XML encontrados em C:\DigiSat\SuiteG6\Servidor\DFe\19359762000107\Enviado\NFe\202501\Autorizados: ['01.xml']
2025-06-03 09:55:41,754 - XMLSender.XMLFinder - INFO - Encontrados 1 arquivos NFe em C:\DigiSat\SuiteG6\Servidor\DFe\19359762000107\Enviado\NFe\202501\Autorizados
2025-06-03 09:55:41,758 - XMLSender.ZipService - INFO - Arquivo ZIP criado em temp/19359762000107_202501_xmls.zip com 2 arquivos
2025-06-03 09:55:41,761 - XMLSender.EmailService - WARNING - Porta 587 n√£o √© recomendada para Gmail com SSL. Alterando para 465.
2025-06-03 09:55:46,597 - XMLSender.EmailService - INFO - Email enviado com sucesso para adrielt00@yahoo.com.br
2025-06-03 09:59:34,603 - XMLSender - INFO - Iniciando processo de encerramento da aplica√ß√£o
2025-06-03 09:59:34,604 - XMLSender.ConfigManager - INFO - Configura√ß√µes salvas em config/settings.json
2025-06-03 09:59:34,604 - XMLSender - INFO - Configura√ß√µes salvas com sucesso
2025-06-03 09:59:34,604 - XMLSender - INFO - Aplica√ß√£o encerrada
2025-06-03 10:04:06,491 - XMLSender - INFO - Iniciando aplica√ß√£o Envio de Arquivos XML v1.0.0
2025-06-03 10:04:06,492 - XMLSender.ConfigManager - INFO - Configura√ß√µes carregadas de config/settings.json
2025-06-03 10:04:06,558 - XMLSender - INFO - √çcone da aplica√ß√£o carregado: assets/icon.ico
2025-06-03 10:04:06,730 - XMLSender - INFO - Aplica√ß√£o iniciada com sucesso
2025-06-03 10:04:11,132 - XMLSender.XMLFinder - INFO - Buscando arquivos XML para Doc ID=19359762000107, per√≠odo=202501
2025-06-03 10:04:11,132 - XMLSender.XMLFinder - INFO - Verificando caminho NFCe: C:\DigiSat\SuiteG6\Servidor\DFe\19359762000107\Enviado\NFCe\202501\Autorizados
2025-06-03 10:04:11,133 - XMLSender.XMLFinder - INFO - Arquivos XML encontrados em C:\DigiSat\SuiteG6\Servidor\DFe\19359762000107\Enviado\NFCe\202501\Autorizados: ['01.xml']
2025-06-03 10:04:11,133 - XMLSender.XMLFinder - INFO - Encontrados 1 arquivos NFCe
2025-06-03 10:04:11,133 - XMLSender.XMLFinder - INFO - Tentando caminho NFe: C:\DigiSat\SuiteG6\Servidor\DFe\19359762000107\Enviado\NF-e\202501\Autorizados
2025-06-03 10:04:11,133 - XMLSender.XMLFinder - INFO - Tentando caminho NFe: C:\DigiSat\SuiteG6\Servidor\DFe\19359762000107\Enviado\NFe\202501\Autorizados
2025-06-03 10:04:11,133 - XMLSender.XMLFinder - INFO - Arquivos XML encontrados em C:\DigiSat\SuiteG6\Servidor\DFe\19359762000107\Enviado\NFe\202501\Autorizados: ['01.xml']
2025-06-03 10:04:11,134 - XMLSender.XMLFinder - INFO - Encontrados 1 arquivos NFe em C:\DigiSat\SuiteG6\Servidor\DFe\19359762000107\Enviado\NFe\202501\Autorizados
2025-06-03 10:04:11,136 - XMLSender.ZipService - INFO - Adicionando 1 arquivos NFCe na pasta NFCe/
2025-06-03 10:04:11,136 - XMLSender.ZipService - INFO - Adicionando 1 arquivos NFe na pasta NFe/
2025-06-03 10:04:11,137 - XMLSender.ZipService - INFO - Arquivo ZIP organizado criado em temp/19359762000107_202501_xmls.zip com 2 arquivos
2025-06-03 10:04:11,141 - XMLSender.ZipService - INFO - üì¶ Estrutura do ZIP (2 arquivos total):
2025-06-03 10:04:11,141 - XMLSender.ZipService - INFO -   üìÅ NFCe/ (1 arquivos)
2025-06-03 10:04:11,142 - XMLSender.ZipService - INFO -     üìÑ 01.xml
2025-06-03 10:04:11,142 - XMLSender.ZipService - INFO -   üìÅ NFe/ (1 arquivos)
2025-06-03 10:04:11,142 - XMLSender.ZipService - INFO -     üìÑ 01.xml
2025-06-03 10:04:11,148 - XMLSender.EmailService - WARNING - Porta 587 n√£o √© recomendada para Gmail com SSL. Alterando para 465.
2025-06-03 10:04:16,124 - XMLSender.EmailService - INFO - Email enviado com sucesso para adrielt00@yahoo.com.br
2025-10-16 17:21:53,914 - XMLSender - INFO - Iniciando aplica√ß√£o Envio de Arquivos XML v1.0.0
2025-10-16 17:21:53,914 - XMLSender.ConfigManager - INFO - Configura√ß√µes carregadas de config/settings.json
2025-10-16 17:21:54,437 - XMLSender - INFO - √çcone da aplica√ß√£o carregado: assets/icon.ico
2025-10-16 17:21:54,460 - XMLSender.HistoryManager - INFO - Banco de dados inicializado: data/history.db
2025-10-16 17:21:54,991 - root - ERROR - Erro fatal: name 'email_entry' is not defined
2025-10-16 17:22:21,104 - XMLSender - INFO - Iniciando aplica√ß√£o Envio de Arquivos XML v1.0.0
2025-10-16 17:22:21,105 - XMLSender.ConfigManager - INFO - Configura√ß√µes carregadas de config/settings.json
2025-10-16 17:22:21,184 - XMLSender - INFO - √çcone da aplica√ß√£o carregado: assets/icon.ico
2025-10-16 17:22:21,185 - XMLSender.HistoryManager - INFO - Banco de dados inicializado: data/history.db
2025-10-16 17:22:21,504 - root - ERROR - Erro fatal: name 'email_entry' is not defined
2025-10-16 17:22:37,825 - XMLSender - INFO - Iniciando aplica√ß√£o Envio de Arquivos XML v1.0.0
2025-10-16 17:22:37,825 - XMLSender.ConfigManager - INFO - Configura√ß√µes carregadas de config/settings.json
2025-10-16 17:22:37,905 - XMLSender - INFO - √çcone da aplica√ß√£o carregado: assets/icon.ico
2025-10-16 17:22:37,907 - XMLSender.HistoryManager - INFO - Banco de dados inicializado: data/history.db
2025-10-16 17:22:38,231 - root - ERROR - Erro fatal: name 'email_entry' is not defined
2025-10-16 17:23:35,943 - XMLSender - INFO - Iniciando aplica√ß√£o Envio de Arquivos XML v1.0.0
2025-10-16 17:23:35,943 - XMLSender.ConfigManager - INFO - Configura√ß√µes carregadas de config/settings.json
2025-10-16 17:23:36,035 - XMLSender - INFO - √çcone da aplica√ß√£o carregado: assets/icon.ico
2025-10-16 17:23:36,036 - XMLSender.HistoryManager - INFO - Banco de dados inicializado: data/history.db
2025-10-16 17:23:36,559 - XMLSender - INFO - Aplica√ß√£o iniciada com sucesso
2025-10-16 17:24:27,467 - XMLSender.EmailService - INFO - Teste de conex√£o SMTP realizado com sucesso
2025-10-16 17:24:34,797 - XMLSender.ConfigManager - INFO - Configura√ß√µes salvas em config/settings.json
2025-10-16 17:24:45,577 - XMLSender.XMLFinder - INFO - Buscando arquivos XML para Doc ID=19359762000107, per√≠odo=202509
2025-10-16 17:24:45,577 - XMLSender.XMLFinder - INFO - Verificando caminho NFCe: C:\DigiSat\SuiteG6\Servidor\DFe\19359762000107\Enviado\NFCe\202509\Autorizados
2025-10-16 17:24:45,577 - XMLSender.XMLFinder - WARNING - Diret√≥rio n√£o encontrado: C:\DigiSat\SuiteG6\Servidor\DFe\19359762000107\Enviado\NFCe\202509\Autorizados
2025-10-16 17:24:45,577 - XMLSender.XMLFinder - INFO - Tentando caminho NFe: C:\DigiSat\SuiteG6\Servidor\DFe\19359762000107\Enviado\NF-e\202509\Autorizados
2025-10-16 17:24:45,578 - XMLSender.XMLFinder - INFO - Tentando caminho NFe: C:\DigiSat\SuiteG6\Servidor\DFe\19359762000107\Enviado\NFe\202509\Autorizados
2025-10-16 17:24:45,578 - XMLSender.XMLFinder - INFO - Tentando caminho NFe: C:\DigiSat\SuiteG6\Servidor\DFe\19359762000107\Enviado\nfe\202509\Autorizados
2025-10-16 17:24:45,578 - XMLSender.XMLFinder - INFO - Tentando caminho NFe: C:\DigiSat\SuiteG6\Servidor\DFe\19359762000107\Enviado\NF_e\202509\Autorizados
2025-10-16 17:24:45,578 - XMLSender.XMLFinder - INFO - Tentando caminho NFe: C:\DigiSat\SuiteG6\Servidor\DFe\19359762000107\Enviado\NFE\202509\Autorizados
2025-10-16 17:24:45,578 - XMLSender.XMLFinder - INFO - Tentando busca flex√≠vel em: C:\DigiSat\SuiteG6\Servidor\DFe\19359762000107\Enviado
2025-10-16 17:24:45,578 - XMLSender.XMLFinder - WARNING - Nenhum diret√≥rio NFe encontrado para o per√≠odo 202509
2025-10-16 17:24:45,578 - XMLSender.XMLFinder - INFO - === DEBUG NFe - Estrutura de diret√≥rios ===
2025-10-16 17:24:45,578 - XMLSender.XMLFinder - INFO - Base path: C:\DigiSat\SuiteG6\Servidor\DFe\19359762000107\Enviado
2025-10-16 17:24:45,578 - XMLSender.XMLFinder - WARNING - Base path n√£o existe: C:\DigiSat\SuiteG6\Servidor\DFe\19359762000107\Enviado
2025-10-16 17:24:46,819 - XMLSender.XMLFinder - INFO - Buscando arquivos XML para Doc ID=19359762000107, per√≠odo=202509
2025-10-16 17:24:46,819 - XMLSender.XMLFinder - INFO - Verificando caminho NFCe: C:\DigiSat\SuiteG6\Servidor\DFe\19359762000107\Enviado\NFCe\202509\Autorizados
2025-10-16 17:24:46,819 - XMLSender.XMLFinder - WARNING - Diret√≥rio n√£o encontrado: C:\DigiSat\SuiteG6\Servidor\DFe\19359762000107\Enviado\NFCe\202509\Autorizados
2025-10-16 17:24:46,819 - XMLSender.XMLFinder - INFO - Tentando caminho NFe: C:\DigiSat\SuiteG6\Servidor\DFe\19359762000107\Enviado\NF-e\202509\Autorizados
2025-10-16 17:24:46,819 - XMLSender.XMLFinder - INFO - Tentando caminho NFe: C:\DigiSat\SuiteG6\Servidor\DFe\19359762000107\Enviado\NFe\202509\Autorizados
2025-10-16 17:24:46,820 - XMLSender.XMLFinder - INFO - Tentando caminho NFe: C:\DigiSat\SuiteG6\Servidor\DFe\19359762000107\Enviado\nfe\202509\Autorizados
2025-10-16 17:24:46,820 - XMLSender.XMLFinder - INFO - Tentando caminho NFe: C:\DigiSat\SuiteG6\Servidor\DFe\19359762000107\Enviado\NF_e\202509\Autorizados
2025-10-16 17:24:46,820 - XMLSender.XMLFinder - INFO - Tentando caminho NFe: C:\DigiSat\SuiteG6\Servidor\DFe\19359762000107\Enviado\NFE\202509\Autorizados
2025-10-16 17:24:46,820 - XMLSender.XMLFinder - INFO - Tentando busca flex√≠vel em: C:\DigiSat\SuiteG6\Servidor\DFe\19359762000107\Enviado
2025-10-16 17:24:46,820 - XMLSender.XMLFinder - WARNING - Nenhum diret√≥rio NFe encontrado para o per√≠odo 202509
2025-10-16 17:24:46,820 - XMLSender.XMLFinder - INFO - === DEBUG NFe - Estrutura de diret√≥rios ===
2025-10-16 17:24:46,820 - XMLSender.XMLFinder - INFO - Base path: C:\DigiSat\SuiteG6\Servidor\DFe\19359762000107\Enviado
2025-10-16 17:24:46,820 - XMLSender.XMLFinder - WARNING - Base path n√£o existe: C:\DigiSat\SuiteG6\Servidor\DFe\19359762000107\Enviado
2025-10-16 17:24:47,821 - XMLSender.XMLFinder - INFO - Buscando arquivos XML para Doc ID=19359762000107, per√≠odo=202509
2025-10-16 17:24:47,821 - XMLSender.XMLFinder - INFO - Verificando caminho NFCe: C:\DigiSat\SuiteG6\Servidor\DFe\19359762000107\Enviado\NFCe\202509\Autorizados
2025-10-16 17:24:47,821 - XMLSender.XMLFinder - WARNING - Diret√≥rio n√£o encontrado: C:\DigiSat\SuiteG6\Servidor\DFe\19359762000107\Enviado\NFCe\202509\Autorizados
2025-10-16 17:24:47,821 - XMLSender.XMLFinder - INFO - Tentando caminho NFe: C:\DigiSat\SuiteG6\Servidor\DFe\19359762000107\Enviado\NF-e\202509\Autorizados
2025-10-16 17:24:47,822 - XMLSender.XMLFinder - INFO - Tentando caminho NFe: C:\DigiSat\SuiteG6\Servidor\DFe\19359762000107\Enviado\NFe\202509\Autorizados
2025-10-16 17:24:47,822 - XMLSender.XMLFinder - INFO - Tentando caminho NFe: C:\DigiSat\SuiteG6\Servidor\DFe\19359762000107\Enviado\nfe\202509\Autorizados
2025-10-16 17:24:47,822 - XMLSender.XMLFinder - INFO - Tentando caminho NFe: C:\DigiSat\SuiteG6\Servidor\DFe\19359762000107\Enviado\NF_e\202509\Autorizados
2025-10-16 17:24:47,822 - XMLSender.XMLFinder - INFO - Tentando caminho NFe: C:\DigiSat\SuiteG6\Servidor\DFe\19359762000107\Enviado\NFE\202509\Autorizados
2025-10-16 17:24:47,822 - XMLSender.XMLFinder - INFO - Tentando busca flex√≠vel em: C:\DigiSat\SuiteG6\Servidor\DFe\19359762000107\Enviado
2025-10-16 17:24:47,822 - XMLSender.XMLFinder - WARNING - Nenhum diret√≥rio NFe encontrado para o per√≠odo 202509
2025-10-16 17:24:47,822 - XMLSender.XMLFinder - INFO - === DEBUG NFe - Estrutura de diret√≥rios ===
2025-10-16 17:24:47,822 - XMLSender.XMLFinder - INFO - Base path: C:\DigiSat\SuiteG6\Servidor\DFe\19359762000107\Enviado
2025-10-16 17:24:47,822 - XMLSender.XMLFinder - WARNING - Base path n√£o existe: C:\DigiSat\SuiteG6\Servidor\DFe\19359762000107\Enviado
2025-10-16 17:24:48,530 - XMLSender.XMLFinder - INFO - Buscando arquivos XML para Doc ID=19359762000107, per√≠odo=202509
2025-10-16 17:24:48,530 - XMLSender.XMLFinder - INFO - Verificando caminho NFCe: C:\DigiSat\SuiteG6\Servidor\DFe\19359762000107\Enviado\NFCe\202509\Autorizados
2025-10-16 17:24:48,530 - XMLSender.XMLFinder - WARNING - Diret√≥rio n√£o encontrado: C:\DigiSat\SuiteG6\Servidor\DFe\19359762000107\Enviado\NFCe\202509\Autorizados
2025-10-16 17:24:48,530 - XMLSender.XMLFinder - INFO - Tentando caminho NFe: C:\DigiSat\SuiteG6\Servidor\DFe\19359762000107\Enviado\NF-e\202509\Autorizados
2025-10-16 17:24:48,530 - XMLSender.XMLFinder - INFO - Tentando caminho NFe: C:\DigiSat\SuiteG6\Servidor\DFe\19359762000107\Enviado\NFe\202509\Autorizados
2025-10-16 17:24:48,530 - XMLSender.XMLFinder - INFO - Tentando caminho NFe: C:\DigiSat\SuiteG6\Servidor\DFe\19359762000107\Enviado\nfe\202509\Autorizados
2025-10-16 17:24:48,530 - XMLSender.XMLFinder - INFO - Tentando caminho NFe: C:\DigiSat\SuiteG6\Servidor\DFe\19359762000107\Enviado\NF_e\202509\Autorizados
2025-10-16 17:24:48,530 - XMLSender.XMLFinder - INFO - Tentando caminho NFe: C:\DigiSat\SuiteG6\Servidor\DFe\19359762000107\Enviado\NFE\202509\Autorizados
2025-10-16 17:24:48,530 - XMLSender.XMLFinder - INFO - Tentando busca flex√≠vel em: C:\DigiSat\SuiteG6\Servidor\DFe\19359762000107\Enviado
2025-10-16 17:24:48,531 - XMLSender.XMLFinder - WARNING - Nenhum diret√≥rio NFe encontrado para o per√≠odo 202509
2025-10-16 17:24:48,531 - XMLSender.XMLFinder - INFO - === DEBUG NFe - Estrutura de diret√≥rios ===
2025-10-16 17:24:48,531 - XMLSender.XMLFinder - INFO - Base path: C:\DigiSat\SuiteG6\Servidor\DFe\19359762000107\Enviado
2025-10-16 17:24:48,531 - XMLSender.XMLFinder - WARNING - Base path n√£o existe: C:\DigiSat\SuiteG6\Servidor\DFe\19359762000107\Enviado
2025-10-16 17:24:49,538 - XMLSender.XMLFinder - INFO - Buscando arquivos XML para Doc ID=19359762000107, per√≠odo=202509
2025-10-16 17:24:49,538 - XMLSender.XMLFinder - INFO - Verificando caminho NFCe: C:\DigiSat\SuiteG6\Servidor\DFe\19359762000107\Enviado\NFCe\202509\Autorizados
2025-10-16 17:24:49,538 - XMLSender.XMLFinder - WARNING - Diret√≥rio n√£o encontrado: C:\DigiSat\SuiteG6\Servidor\DFe\19359762000107\Enviado\NFCe\202509\Autorizados
2025-10-16 17:24:49,539 - XMLSender.XMLFinder - INFO - Tentando caminho NFe: C:\DigiSat\SuiteG6\Servidor\DFe\19359762000107\Enviado\NF-e\202509\Autorizados
2025-10-16 17:24:49,539 - XMLSender.XMLFinder - INFO - Tentando caminho NFe: C:\DigiSat\SuiteG6\Servidor\DFe\19359762000107\Enviado\NFe\202509\Autorizados
2025-10-16 17:24:49,539 - XMLSender.XMLFinder - INFO - Tentando caminho NFe: C:\DigiSat\SuiteG6\Servidor\DFe\19359762000107\Enviado\nfe\202509\Autorizados
2025-10-16 17:24:49,539 - XMLSender.XMLFinder - INFO - Tentando caminho NFe: C:\DigiSat\SuiteG6\Servidor\DFe\19359762000107\Enviado\NF_e\202509\Autorizados
2025-10-16 17:24:49,539 - XMLSender.XMLFinder - INFO - Tentando caminho NFe: C:\DigiSat\SuiteG6\Servidor\DFe\19359762000107\Enviado\NFE\202509\Autorizados
2025-10-16 17:24:49,539 - XMLSender.XMLFinder - INFO - Tentando busca flex√≠vel em: C:\DigiSat\SuiteG6\Servidor\DFe\19359762000107\Enviado
2025-10-16 17:24:49,539 - XMLSender.XMLFinder - WARNING - Nenhum diret√≥rio NFe encontrado para o per√≠odo 202509
2025-10-16 17:24:49,539 - XMLSender.XMLFinder - INFO - === DEBUG NFe - Estrutura de diret√≥rios ===
2025-10-16 17:24:49,539 - XMLSender.XMLFinder - INFO - Base path: C:\DigiSat\SuiteG6\Servidor\DFe\19359762000107\Enviado
2025-10-16 17:24:49,539 - XMLSender.XMLFinder - WARNING - Base path n√£o existe: C:\DigiSat\SuiteG6\Servidor\DFe\19359762000107\Enviado
2025-10-16 17:24:50,236 - XMLSender.XMLFinder - INFO - Buscando arquivos XML para Doc ID=19359762000107, per√≠odo=202509
2025-10-16 17:24:50,236 - XMLSender.XMLFinder - INFO - Verificando caminho NFCe: C:\DigiSat\SuiteG6\Servidor\DFe\19359762000107\Enviado\NFCe\202509\Autorizados
2025-10-16 17:24:50,236 - XMLSender.XMLFinder - WARNING - Diret√≥rio n√£o encontrado: C:\DigiSat\SuiteG6\Servidor\DFe\19359762000107\Enviado\NFCe\202509\Autorizados
2025-10-16 17:24:50,236 - XMLSender.XMLFinder - INFO - Tentando caminho NFe: C:\DigiSat\SuiteG6\Servidor\DFe\19359762000107\Enviado\NF-e\202509\Autorizados
2025-10-16 17:24:50,236 - XMLSender.XMLFinder - INFO - Tentando caminho NFe: C:\DigiSat\SuiteG6\Servidor\DFe\19359762000107\Enviado\NFe\202509\Autorizados
2025-10-16 17:24:50,236 - XMLSender.XMLFinder - INFO - Tentando caminho NFe: C:\DigiSat\SuiteG6\Servidor\DFe\19359762000107\Enviado\nfe\202509\Autorizados
2025-10-16 17:24:50,236 - XMLSender.XMLFinder - INFO - Tentando caminho NFe: C:\DigiSat\SuiteG6\Servidor\DFe\19359762000107\Enviado\NF_e\202509\Autorizados
2025-10-16 17:24:50,236 - XMLSender.XMLFinder - INFO - Tentando caminho NFe: C:\DigiSat\SuiteG6\Servidor\DFe\19359762000107\Enviado\NFE\202509\Autorizados
2025-10-16 17:24:50,237 - XMLSender.XMLFinder - INFO - Tentando busca flex√≠vel em: C:\DigiSat\SuiteG6\Servidor\DFe\19359762000107\Enviado
2025-10-16 17:24:50,237 - XMLSender.XMLFinder - WARNING - Nenhum diret√≥rio NFe encontrado para o per√≠odo 202509
2025-10-16 17:24:50,237 - XMLSender.XMLFinder - INFO - === DEBUG NFe - Estrutura de diret√≥rios ===
2025-10-16 17:24:50,237 - XMLSender.XMLFinder - INFO - Base path: C:\DigiSat\SuiteG6\Servidor\DFe\19359762000107\Enviado
2025-10-16 17:24:50,237 - XMLSender.XMLFinder - WARNING - Base path n√£o existe: C:\DigiSat\SuiteG6\Servidor\DFe\19359762000107\Enviado
2025-10-16 17:25:11,556 - XMLSender.XMLFinder - WARNING - Documento 1019830001169 n√£o tem formato padr√£o de CPF/CNPJ
2025-10-16 17:25:11,556 - XMLSender.XMLFinder - INFO - Buscando arquivos XML para Doc ID=1019830001169, per√≠odo=202509
2025-10-16 17:25:11,556 - XMLSender.XMLFinder - INFO - Verificando caminho NFCe: C:\DigiSat\SuiteG6\Servidor\DFe\1019830001169\Enviado\NFCe\202509\Autorizados
2025-10-16 17:25:11,556 - XMLSender.XMLFinder - WARNING - Diret√≥rio n√£o encontrado: C:\DigiSat\SuiteG6\Servidor\DFe\1019830001169\Enviado\NFCe\202509\Autorizados
2025-10-16 17:25:11,556 - XMLSender.XMLFinder - INFO - Tentando caminho NFe: C:\DigiSat\SuiteG6\Servidor\DFe\1019830001169\Enviado\NF-e\202509\Autorizados
2025-10-16 17:25:11,556 - XMLSender.XMLFinder - INFO - Tentando caminho NFe: C:\DigiSat\SuiteG6\Servidor\DFe\1019830001169\Enviado\NFe\202509\Autorizados
2025-10-16 17:25:11,556 - XMLSender.XMLFinder - INFO - Tentando caminho NFe: C:\DigiSat\SuiteG6\Servidor\DFe\1019830001169\Enviado\nfe\202509\Autorizados
2025-10-16 17:25:11,556 - XMLSender.XMLFinder - INFO - Tentando caminho NFe: C:\DigiSat\SuiteG6\Servidor\DFe\1019830001169\Enviado\NF_e\202509\Autorizados
2025-10-16 17:25:11,556 - XMLSender.XMLFinder - INFO - Tentando caminho NFe: C:\DigiSat\SuiteG6\Servidor\DFe\1019830001169\Enviado\NFE\202509\Autorizados
2025-10-16 17:25:11,556 - XMLSender.XMLFinder - INFO - Tentando busca flex√≠vel em: C:\DigiSat\SuiteG6\Servidor\DFe\1019830001169\Enviado
2025-10-16 17:25:11,556 - XMLSender.XMLFinder - WARNING - Nenhum diret√≥rio NFe encontrado para o per√≠odo 202509
2025-10-16 17:25:11,556 - XMLSender.XMLFinder - INFO - === DEBUG NFe - Estrutura de diret√≥rios ===
2025-10-16 17:25:11,557 - XMLSender.XMLFinder - INFO - Base path: C:\DigiSat\SuiteG6\Servidor\DFe\1019830001169\Enviado
2025-10-16 17:25:11,557 - XMLSender.XMLFinder - WARNING - Base path n√£o existe: C:\DigiSat\SuiteG6\Servidor\DFe\1019830001169\Enviado
2025-10-16 17:25:13,187 - XMLSender - INFO - Iniciando processo de encerramento da aplica√ß√£o
2025-10-16 17:25:13,188 - XMLSender.ConfigManager - INFO - Configura√ß√µes salvas em config/settings.json
2025-10-16 17:25:13,188 - XMLSender - INFO - Configura√ß√µes salvas com sucesso
2025-10-16 17:25:13,188 - XMLSender - INFO - Aplica√ß√£o encerrada
2025-10-16 17:27:01,687 - XMLSender - INFO - Iniciando aplica√ß√£o Envio de Arquivos XML v1.0.0
2025-10-16 17:27:01,688 - XMLSender.ConfigManager - INFO - Configura√ß√µes carregadas de config/settings.json
2025-10-16 17:27:01,781 - XMLSender - INFO - √çcone da aplica√ß√£o carregado: assets/icon.ico
2025-10-16 17:27:01,783 - XMLSender.HistoryManager - INFO - Banco de dados inicializado: data/history.db
2025-10-16 17:27:02,239 - XMLSender - INFO - Aplica√ß√£o iniciada com sucesso
2025-10-16 17:27:31,378 - XMLSender - INFO - Iniciando processo de encerramento da aplica√ß√£o
2025-10-16 17:27:31,379 - XMLSender.ConfigManager - INFO - Configura√ß√µes salvas em config/settings.json
2025-10-16 17:27:31,379 - XMLSender - INFO - Configura√ß√µes salvas com sucesso
2025-10-16 17:27:31,379 - XMLSender - INFO - Aplica√ß√£o encerrada
2025-10-16 17:29:27,888 - XMLSender - INFO - Iniciando aplica√ß√£o Envio de Arquivos XML v1.0.0
2025-10-16 17:29:27,889 - XMLSender.ConfigManager - INFO - Configura√ß√µes carregadas de config/settings.json
2025-10-16 17:29:27,977 - XMLSender - INFO - √çcone da aplica√ß√£o carregado: assets/icon.ico
2025-10-16 17:29:27,979 - XMLSender.HistoryManager - INFO - Banco de dados inicializado: data/history.db
2025-10-16 17:29:28,388 - XMLSender - INFO - Aplica√ß√£o iniciada com sucesso
2025-10-16 17:29:48,939 - XMLSender.ConfigManager - INFO - Configura√ß√µes salvas em config/settings.json
2025-10-16 17:29:51,373 - XMLSender.ConfigManager - INFO - Configura√ß√µes salvas em config/settings.json
2025-10-16 17:30:00,404 - XMLSender.ConfigManager - INFO - Configura√ß√µes salvas em config/settings.json
2025-10-16 17:30:10,222 - XMLSender.ConfigManager - INFO - Configura√ß√µes salvas em config/settings.json
2025-10-16 17:30:26,045 - XMLSender.ConfigManager - INFO - Configura√ß√µes salvas em config/settings.json
2025-10-16 17:30:54,768 - XMLSender.ConfigManager - INFO - Configura√ß√µes salvas em config/settings.json
2025-10-16 17:30:55,886 - XMLSender - INFO - Iniciando processo de encerramento da aplica√ß√£o
2025-10-16 17:30:55,887 - XMLSender.ConfigManager - INFO - Configura√ß√µes salvas em config/settings.json
2025-10-16 17:30:55,887 - XMLSender - INFO - Configura√ß√µes salvas com sucesso
2025-10-16 17:30:55,887 - XMLSender - INFO - Aplica√ß√£o encerrada
2025-10-16 17:32:51,336 - XMLSender - INFO - Iniciando aplica√ß√£o Envio de Arquivos XML v1.0.0
2025-10-16 17:32:51,336 - XMLSender.ConfigManager - INFO - Configura√ß√µes carregadas de config/settings.json
2025-10-16 17:32:51,422 - XMLSender - INFO - √çcone da aplica√ß√£o carregado: assets/icon.ico
2025-10-16 17:32:51,424 - XMLSender.HistoryManager - INFO - Banco de dados inicializado: data/history.db
2025-10-16 17:32:51,835 - XMLSender - INFO - Aplica√ß√£o iniciada com sucesso
2025-10-16 17:33:26,524 - XMLSender.ConfigManager - INFO - Configura√ß√µes salvas em config/settings.json
2025-10-16 17:34:51,170 - XMLSender.ConfigManager - INFO - Configura√ß√µes salvas em config/settings.json
2025-10-16 17:34:57,309 - XMLSender - INFO - Iniciando processo de encerramento da aplica√ß√£o
2025-10-16 17:34:57,310 - XMLSender.ConfigManager - INFO - Configura√ß√µes salvas em config/settings.json
2025-10-16 17:34:57,310 - XMLSender - INFO - Configura√ß√µes salvas com sucesso
2025-10-16 17:34:57,310 - XMLSender - INFO - Aplica√ß√£o encerrada
2025-10-16 17:35:52,621 - XMLSender - INFO - Iniciando aplica√ß√£o Envio de Arquivos XML v1.0.0
2025-10-16 17:35:52,622 - XMLSender.ConfigManager - INFO - Configura√ß√µes carregadas de config/settings.json
2025-10-16 17:35:52,709 - XMLSender - INFO - √çcone da aplica√ß√£o carregado: assets/icon.ico
2025-10-16 17:35:52,710 - XMLSender.HistoryManager - INFO - Banco de dados inicializado: data/history.db
2025-10-16 17:35:53,082 - root - ERROR - Erro fatal: name 'doc_id_entry' is not defined
2025-10-16 17:36:10,917 - XMLSender - INFO - Iniciando aplica√ß√£o Envio de Arquivos XML v1.0.0
2025-10-16 17:36:10,917 - XMLSender.ConfigManager - INFO - Configura√ß√µes carregadas de config/settings.json
2025-10-16 17:36:10,994 - XMLSender - INFO - √çcone da aplica√ß√£o carregado: assets/icon.ico
2025-10-16 17:36:10,995 - XMLSender.HistoryManager - INFO - Banco de dados inicializado: data/history.db
2025-10-16 17:36:11,314 - root - ERROR - Erro fatal: name 'doc_id_entry' is not defined
2025-10-16 17:36:21,613 - XMLSender - INFO - Iniciando aplica√ß√£o Envio de Arquivos XML v1.0.0
2025-10-16 17:36:21,614 - XMLSender.ConfigManager - INFO - Configura√ß√µes carregadas de config/settings.json
2025-10-16 17:36:21,687 - XMLSender - INFO - √çcone da aplica√ß√£o carregado: assets/icon.ico
2025-10-16 17:36:21,688 - XMLSender.HistoryManager - INFO - Banco de dados inicializado: data/history.db
2025-10-16 17:36:22,034 - root - ERROR - Erro fatal: name 'doc_id_entry' is not defined
2025-10-16 17:36:47,458 - XMLSender - INFO - Iniciando aplica√ß√£o Envio de Arquivos XML v1.0.0
2025-10-16 17:36:47,459 - XMLSender.ConfigManager - INFO - Configura√ß√µes carregadas de config/settings.json
2025-10-16 17:36:47,540 - XMLSender - INFO - √çcone da aplica√ß√£o carregado: assets/icon.ico
2025-10-16 17:36:47,541 - XMLSender.HistoryManager - INFO - Banco de dados inicializado: data/history.db
2025-10-16 17:36:47,858 - root - ERROR - Erro fatal: name 'doc_id_entry' is not defined
2025-10-16 17:37:13,128 - XMLSender - INFO - Iniciando aplica√ß√£o Envio de Arquivos XML v1.0.0
2025-10-16 17:37:13,128 - XMLSender.ConfigManager - INFO - Configura√ß√µes carregadas de config/settings.json
2025-10-16 17:37:13,209 - XMLSender - INFO - √çcone da aplica√ß√£o carregado: assets/icon.ico
2025-10-16 17:37:13,210 - XMLSender.HistoryManager - INFO - Banco de dados inicializado: data/history.db
2025-10-16 17:37:13,549 - root - ERROR - Erro fatal: name 'doc_id_entry' is not defined
2025-10-16 17:38:25,806 - XMLSender - INFO - Iniciando aplica√ß√£o Envio de Arquivos XML v1.0.0
2025-10-16 17:38:25,807 - XMLSender.ConfigManager - INFO - Configura√ß√µes carregadas de config/settings.json
2025-10-16 17:38:25,885 - XMLSender - INFO - √çcone da aplica√ß√£o carregado: assets/icon.ico
2025-10-16 17:38:25,888 - XMLSender.HistoryManager - INFO - Banco de dados inicializado: data/history.db
2025-10-16 17:38:26,269 - XMLSender - INFO - Aplica√ß√£o iniciada com sucesso
2025-10-16 17:38:31,143 - XMLSender.ConfigManager - INFO - Configura√ß√µes salvas em config/settings.json
2025-10-16 17:38:31,379 - XMLSender.ConfigManager - INFO - Configura√ß√µes salvas em config/settings.json
2025-10-16 17:38:31,574 - XMLSender.ConfigManager - INFO - Configura√ß√µes salvas em config/settings.json
2025-10-16 17:38:32,337 - XMLSender.ConfigManager - INFO - Configura√ß√µes salvas em config/settings.json
2025-10-16 17:38:32,495 - XMLSender.ConfigManager - INFO - Configura√ß√µes salvas em config/settings.json
2025-10-16 17:38:32,750 - XMLSender.ConfigManager - INFO - Configura√ß√µes salvas em config/settings.json
2025-10-16 17:38:32,911 - XMLSender.ConfigManager - INFO - Configura√ß√µes salvas em config/settings.json
2025-10-16 17:38:33,026 - XMLSender.ConfigManager - INFO - Configura√ß√µes salvas em config/settings.json
2025-10-16 17:38:33,204 - XMLSender.ConfigManager - INFO - Configura√ß√µes salvas em config/settings.json
2025-10-16 17:38:33,303 - XMLSender.ConfigManager - INFO - Configura√ß√µes salvas em config/settings.json
2025-10-16 17:38:33,481 - XMLSender.ConfigManager - INFO - Configura√ß√µes salvas em config/settings.json
2025-10-16 17:38:35,761 - XMLSender.ConfigManager - INFO - Configura√ß√µes salvas em config/settings.json
2025-10-16 17:38:36,278 - XMLSender.ConfigManager - INFO - Configura√ß√µes salvas em config/settings.json
2025-10-16 17:38:36,568 - XMLSender.ConfigManager - INFO - Configura√ß√µes salvas em config/settings.json
2025-10-16 17:38:36,979 - XMLSender.ConfigManager - INFO - Configura√ß√µes salvas em config/settings.json
2025-10-16 17:38:37,062 - XMLSender.ConfigManager - INFO - Configura√ß√µes salvas em config/settings.json
2025-10-16 17:38:37,222 - XMLSender.ConfigManager - INFO - Configura√ß√µes salvas em config/settings.json
2025-10-16 17:38:37,433 - XMLSender.ConfigManager - INFO - Configura√ß√µes salvas em config/settings.json
2025-10-16 17:38:37,630 - XMLSender.ConfigManager - INFO - Configura√ß√µes salvas em config/settings.json
2025-10-16 17:38:43,253 - XMLSender.XMLFinder - INFO - Buscando arquivos XML para Doc ID=04339773298, per√≠odo=202509
2025-10-16 17:38:43,254 - XMLSender.XMLFinder - INFO - Verificando caminho NFCe: C:\DigiSat\SuiteG6\Servidor\DFe\04339773298\Enviado\NFCe\202509\Autorizados
2025-10-16 17:38:43,255 - XMLSender.XMLFinder - WARNING - Diret√≥rio n√£o encontrado: C:\DigiSat\SuiteG6\Servidor\DFe\04339773298\Enviado\NFCe\202509\Autorizados
2025-10-16 17:38:43,255 - XMLSender.XMLFinder - INFO - Tentando caminho NFe: C:\DigiSat\SuiteG6\Servidor\DFe\04339773298\Enviado\NF-e\202509\Autorizados
2025-10-16 17:38:43,255 - XMLSender.XMLFinder - INFO - Tentando caminho NFe: C:\DigiSat\SuiteG6\Servidor\DFe\04339773298\Enviado\NFe\202509\Autorizados
2025-10-16 17:38:43,255 - XMLSender.XMLFinder - INFO - Tentando caminho NFe: C:\DigiSat\SuiteG6\Servidor\DFe\04339773298\Enviado\nfe\202509\Autorizados
2025-10-16 17:38:43,256 - XMLSender.XMLFinder - INFO - Tentando caminho NFe: C:\DigiSat\SuiteG6\Servidor\DFe\04339773298\Enviado\NF_e\202509\Autorizados
2025-10-16 17:38:43,256 - XMLSender.XMLFinder - INFO - Tentando caminho NFe: C:\DigiSat\SuiteG6\Servidor\DFe\04339773298\Enviado\NFE\202509\Autorizados
2025-10-16 17:38:43,256 - XMLSender.XMLFinder - INFO - Tentando busca flex√≠vel em: C:\DigiSat\SuiteG6\Servidor\DFe\04339773298\Enviado
2025-10-16 17:38:43,256 - XMLSender.XMLFinder - WARNING - Nenhum diret√≥rio NFe encontrado para o per√≠odo 202509
2025-10-16 17:38:43,256 - XMLSender.XMLFinder - INFO - === DEBUG NFe - Estrutura de diret√≥rios ===
2025-10-16 17:38:43,256 - XMLSender.XMLFinder - INFO - Base path: C:\DigiSat\SuiteG6\Servidor\DFe\04339773298\Enviado
2025-10-16 17:38:43,257 - XMLSender.XMLFinder - WARNING - Base path n√£o existe: C:\DigiSat\SuiteG6\Servidor\DFe\04339773298\Enviado
2025-10-16 17:39:02,731 - XMLSender.ConfigManager - INFO - Configura√ß√µes salvas em config/settings.json
2025-10-16 17:39:07,249 - XMLSender.ConfigManager - INFO - Configura√ß√µes salvas em config/settings.json
2025-10-16 17:39:44,984 - XMLSender - INFO - Iniciando processo de encerramento da aplica√ß√£o
2025-10-16 17:39:44,985 - XMLSender.ConfigManager - INFO - Configura√ß√µes salvas em config/settings.json
2025-10-16 17:39:44,985 - XMLSender - INFO - Configura√ß√µes salvas com sucesso
2025-10-16 17:39:44,986 - XMLSender - INFO - Aplica√ß√£o encerrada
2025-10-16 17:39:45,406 - XMLSender - INFO - Iniciando aplica√ß√£o Envio de Arquivos XML v1.0.0
2025-10-16 17:39:45,407 - XMLSender.ConfigManager - INFO - Configura√ß√µes carregadas de config/settings.json
2025-10-16 17:39:45,490 - XMLSender - INFO - √çcone da aplica√ß√£o carregado: assets/icon.ico
2025-10-16 17:39:45,492 - XMLSender.HistoryManager - INFO - Banco de dados inicializado: data/history.db
2025-10-16 17:39:45,901 - XMLSender - INFO - Aplica√ß√£o iniciada com sucesso
2025-10-16 17:39:47,067 - XMLSender - INFO - Iniciando processo de encerramento da aplica√ß√£o
2025-10-16 17:39:47,068 - XMLSender.ConfigManager - INFO - Configura√ß√µes salvas em config/settings.json
2025-10-16 17:39:47,068 - XMLSender - INFO - Configura√ß√µes salvas com sucesso
2025-10-16 17:39:47,068 - XMLSender - INFO - Aplica√ß√£o encerrada
2025-10-16 17:42:36,069 - XMLSender - INFO - Iniciando aplica√ß√£o Envio de Arquivos XML v1.0.0
2025-10-16 17:42:36,070 - XMLSender.ConfigManager - INFO - Configura√ß√µes carregadas de config/settings.json
2025-10-16 17:42:36,157 - XMLSender - INFO - √çcone da aplica√ß√£o carregado: assets/icon.ico
2025-10-16 17:42:36,158 - XMLSender.HistoryManager - INFO - Banco de dados inicializado: data/history.db
2025-10-16 17:42:36,807 - XMLSender - INFO - Aplica√ß√£o iniciada com sucesso
2025-10-16 17:42:50,749 - XMLSender.XMLFinder - INFO - Buscando arquivos XML para Doc ID=04339773298, per√≠odo=202509
2025-10-16 17:42:50,749 - XMLSender.XMLFinder - INFO - Verificando caminho NFCe: C:\DigiSat\SuiteG6\Servidor\DFe\04339773298\Enviado\NFCe\202509\Autorizados
2025-10-16 17:42:50,750 - XMLSender.XMLFinder - WARNING - Diret√≥rio n√£o encontrado: C:\DigiSat\SuiteG6\Servidor\DFe\04339773298\Enviado\NFCe\202509\Autorizados
2025-10-16 17:42:50,750 - XMLSender.XMLFinder - INFO - Tentando caminho NFe: C:\DigiSat\SuiteG6\Servidor\DFe\04339773298\Enviado\NF-e\202509\Autorizados
2025-10-16 17:42:50,750 - XMLSender.XMLFinder - INFO - Tentando caminho NFe: C:\DigiSat\SuiteG6\Servidor\DFe\04339773298\Enviado\NFe\202509\Autorizados
2025-10-16 17:42:50,750 - XMLSender.XMLFinder - INFO - Tentando caminho NFe: C:\DigiSat\SuiteG6\Servidor\DFe\04339773298\Enviado\nfe\202509\Autorizados
2025-10-16 17:42:50,750 - XMLSender.XMLFinder - INFO - Tentando caminho NFe: C:\DigiSat\SuiteG6\Servidor\DFe\04339773298\Enviado\NF_e\202509\Autorizados
2025-10-16 17:42:50,750 - XMLSender.XMLFinder - INFO - Tentando caminho NFe: C:\DigiSat\SuiteG6\Servidor\DFe\04339773298\Enviado\NFE\202509\Autorizados
2025-10-16 17:42:50,750 - XMLSender.XMLFinder - INFO - Tentando busca flex√≠vel em: C:\DigiSat\SuiteG6\Servidor\DFe\04339773298\Enviado
2025-10-16 17:42:50,750 - XMLSender.XMLFinder - WARNING - Nenhum diret√≥rio NFe encontrado para o per√≠odo 202509
2025-10-16 17:42:50,750 - XMLSender.XMLFinder - INFO - === DEBUG NFe - Estrutura de diret√≥rios ===
2025-10-16 17:42:50,750 - XMLSender.XMLFinder - INFO - Base path: C:\DigiSat\SuiteG6\Servidor\DFe\04339773298\Enviado
2025-10-16 17:42:50,750 - XMLSender.XMLFinder - WARNING - Base path n√£o existe: C:\DigiSat\SuiteG6\Servidor\DFe\04339773298\Enviado
2025-10-16 17:43:10,803 - XMLSender.ConfigManager - INFO - Configura√ß√µes salvas em config/settings.json
2025-10-16 17:43:10,962 - XMLSender.ConfigManager - INFO - Configura√ß√µes salvas em config/settings.json
2025-10-16 17:43:11,569 - XMLSender.ConfigManager - INFO - Configura√ß√µes salvas em config/settings.json
2025-10-16 17:43:11,709 - XMLSender.ConfigManager - INFO - Configura√ß√µes salvas em config/settings.json
2025-10-16 17:43:11,851 - XMLSender.ConfigManager - INFO - Configura√ß√µes salvas em config/settings.json
2025-10-16 17:43:13,175 - XMLSender.ConfigManager - INFO - Configura√ß√µes salvas em config/settings.json
2025-10-16 17:43:13,313 - XMLSender.ConfigManager - INFO - Configura√ß√µes salvas em config/settings.json
2025-10-16 17:43:13,452 - XMLSender.ConfigManager - INFO - Configura√ß√µes salvas em config/settings.json
2025-10-16 17:43:13,570 - XMLSender.ConfigManager - INFO - Configura√ß√µes salvas em config/settings.json
2025-10-16 17:43:13,714 - XMLSender.ConfigManager - INFO - Configura√ß√µes salvas em config/settings.json
2025-10-16 17:43:13,869 - XMLSender.ConfigManager - INFO - Configura√ß√µes salvas em config/settings.json
2025-10-16 17:43:15,458 - XMLSender.ConfigManager - INFO - Configura√ß√µes salvas em config/settings.json
2025-10-16 17:43:16,408 - XMLSender.ConfigManager - INFO - Configura√ß√µes salvas em config/settings.json
2025-10-16 17:43:18,007 - XMLSender.ConfigManager - INFO - Configura√ß√µes salvas em config/settings.json
2025-10-16 17:43:18,110 - XMLSender.ConfigManager - INFO - Configura√ß√µes salvas em config/settings.json
2025-10-16 17:43:41,656 - XMLSender.ConfigManager - INFO - Configura√ß√µes salvas em config/settings.json
2025-10-16 17:44:05,404 - XMLSender.EmailService - INFO - Teste de conex√£o SMTP realizado com sucesso
2025-10-16 17:44:21,167 - XMLSender.XMLFinder - INFO - Buscando arquivos XML para Doc ID=00000000000100, per√≠odo=202509
2025-10-16 17:44:21,167 - XMLSender.XMLFinder - INFO - Verificando caminho NFCe: C:\DigiSat\SuiteG6\Servidor\DFe\00000000000100\Enviado\NFCe\202509\Autorizados
2025-10-16 17:44:21,167 - XMLSender.XMLFinder - WARNING - Diret√≥rio n√£o encontrado: C:\DigiSat\SuiteG6\Servidor\DFe\00000000000100\Enviado\NFCe\202509\Autorizados
2025-10-16 17:44:21,168 - XMLSender.XMLFinder - INFO - Tentando caminho NFe: C:\DigiSat\SuiteG6\Servidor\DFe\00000000000100\Enviado\NF-e\202509\Autorizados
2025-10-16 17:44:21,168 - XMLSender.XMLFinder - INFO - Tentando caminho NFe: C:\DigiSat\SuiteG6\Servidor\DFe\00000000000100\Enviado\NFe\202509\Autorizados
2025-10-16 17:44:21,168 - XMLSender.XMLFinder - INFO - Tentando caminho NFe: C:\DigiSat\SuiteG6\Servidor\DFe\00000000000100\Enviado\nfe\202509\Autorizados
2025-10-16 17:44:21,168 - XMLSender.XMLFinder - INFO - Tentando caminho NFe: C:\DigiSat\SuiteG6\Servidor\DFe\00000000000100\Enviado\NF_e\202509\Autorizados
2025-10-16 17:44:21,168 - XMLSender.XMLFinder - INFO - Tentando caminho NFe: C:\DigiSat\SuiteG6\Servidor\DFe\00000000000100\Enviado\NFE\202509\Autorizados
2025-10-16 17:44:21,168 - XMLSender.XMLFinder - INFO - Tentando busca flex√≠vel em: C:\DigiSat\SuiteG6\Servidor\DFe\00000000000100\Enviado
2025-10-16 17:44:21,168 - XMLSender.XMLFinder - WARNING - Nenhum diret√≥rio NFe encontrado para o per√≠odo 202509
2025-10-16 17:44:21,168 - XMLSender.XMLFinder - INFO - === DEBUG NFe - Estrutura de diret√≥rios ===
2025-10-16 17:44:21,168 - XMLSender.XMLFinder - INFO - Base path: C:\DigiSat\SuiteG6\Servidor\DFe\00000000000100\Enviado
2025-10-16 17:44:21,168 - XMLSender.XMLFinder - WARNING - Base path n√£o existe: C:\DigiSat\SuiteG6\Servidor\DFe\00000000000100\Enviado
2025-10-16 17:44:21,171 - XMLSender.XMLFinder - INFO - Buscando arquivos XML para Doc ID=00000000000100, per√≠odo=201609
2025-10-16 17:44:21,172 - XMLSender.XMLFinder - INFO - Verificando caminho NFCe: C:\DigiSat\SuiteG6\Servidor\DFe\00000000000100\Enviado\NFCe\201609\Autorizados
2025-10-16 17:44:21,172 - XMLSender.XMLFinder - WARNING - Diret√≥rio n√£o encontrado: C:\DigiSat\SuiteG6\Servidor\DFe\00000000000100\Enviado\NFCe\201609\Autorizados
2025-10-16 17:44:21,172 - XMLSender.XMLFinder - INFO - Tentando caminho NFe: C:\DigiSat\SuiteG6\Servidor\DFe\00000000000100\Enviado\NF-e\201609\Autorizados
2025-10-16 17:44:21,172 - XMLSender.XMLFinder - INFO - Tentando caminho NFe: C:\DigiSat\SuiteG6\Servidor\DFe\00000000000100\Enviado\NFe\201609\Autorizados
2025-10-16 17:44:21,172 - XMLSender.XMLFinder - INFO - Tentando caminho NFe: C:\DigiSat\SuiteG6\Servidor\DFe\00000000000100\Enviado\nfe\201609\Autorizados
2025-10-16 17:44:21,172 - XMLSender.XMLFinder - INFO - Tentando caminho NFe: C:\DigiSat\SuiteG6\Servidor\DFe\00000000000100\Enviado\NF_e\201609\Autorizados
2025-10-16 17:44:21,172 - XMLSender.XMLFinder - INFO - Tentando caminho NFe: C:\DigiSat\SuiteG6\Servidor\DFe\00000000000100\Enviado\NFE\201609\Autorizados
2025-10-16 17:44:21,172 - XMLSender.XMLFinder - INFO - Tentando busca flex√≠vel em: C:\DigiSat\SuiteG6\Servidor\DFe\00000000000100\Enviado
2025-10-16 17:44:21,173 - XMLSender.XMLFinder - WARNING - Nenhum diret√≥rio NFe encontrado para o per√≠odo 201609
2025-10-16 17:44:21,173 - XMLSender.XMLFinder - INFO - === DEBUG NFe - Estrutura de diret√≥rios ===
2025-10-16 17:44:21,173 - XMLSender.XMLFinder - INFO - Base path: C:\DigiSat\SuiteG6\Servidor\DFe\00000000000100\Enviado
2025-10-16 17:44:21,173 - XMLSender.XMLFinder - WARNING - Base path n√£o existe: C:\DigiSat\SuiteG6\Servidor\DFe\00000000000100\Enviado
2025-10-16 17:45:41,976 - XMLSender - INFO - Iniciando processo de encerramento da aplica√ß√£o
2025-10-16 17:45:41,977 - XMLSender.ConfigManager - INFO - Configura√ß√µes salvas em config/settings.json
2025-10-16 17:45:41,977 - XMLSender - INFO - Configura√ß√µes salvas com sucesso
2025-10-16 17:45:41,977 - XMLSender - INFO - Aplica√ß√£o encerrada
2025-10-16 17:46:24,674 - XMLSender - INFO - Iniciando aplica√ß√£o Envio de Arquivos XML v1.0.0
2025-10-16 17:46:24,674 - XMLSender.ConfigManager - INFO - Configura√ß√µes carregadas de config/settings.json
2025-10-16 17:46:24,757 - XMLSender - INFO - √çcone da aplica√ß√£o carregado: assets/icon.ico
2025-10-16 17:46:24,759 - XMLSender.HistoryManager - INFO - Banco de dados inicializado: data/history.db
2025-10-16 17:46:25,254 - XMLSender - INFO - Aplica√ß√£o iniciada com sucesso
2025-10-16 17:47:28,720 - XMLSender - INFO - Iniciando processo de encerramento da aplica√ß√£o
2025-10-16 17:47:28,720 - XMLSender.ConfigManager - INFO - Configura√ß√µes salvas em config/settings.json
2025-10-16 17:47:28,721 - XMLSender - INFO - Configura√ß√µes salvas com sucesso
2025-10-16 17:47:28,721 - XMLSender - INFO - Aplica√ß√£o encerrada
2025-10-16 17:47:31,437 - XMLSender - INFO - Iniciando aplica√ß√£o Envio de Arquivos XML v1.0.0
2025-10-16 17:47:31,438 - XMLSender.ConfigManager - INFO - Configura√ß√µes carregadas de config/settings.json
2025-10-16 17:47:31,523 - XMLSender - INFO - √çcone da aplica√ß√£o carregado: assets/icon.ico
2025-10-16 17:47:31,525 - XMLSender.HistoryManager - INFO - Banco de dados inicializado: data/history.db
2025-10-16 17:47:32,026 - XMLSender - INFO - Aplica√ß√£o iniciada com sucesso
2025-10-16 17:48:08,746 - XMLSender - INFO - Iniciando processo de encerramento da aplica√ß√£o
2025-10-16 17:48:08,747 - XMLSender.ConfigManager - INFO - Configura√ß√µes salvas em config/settings.json
2025-10-16 17:48:08,747 - XMLSender - INFO - Configura√ß√µes salvas com sucesso
2025-10-16 17:48:08,747 - XMLSender - INFO - Aplica√ß√£o encerrada
2025-10-16 17:48:56,620 - XMLSender - INFO - Iniciando aplica√ß√£o Envio de Arquivos XML v1.0.0
2025-10-16 17:48:56,620 - XMLSender.ConfigManager - INFO - Configura√ß√µes carregadas de config/settings.json
2025-10-16 17:48:56,708 - XMLSender - INFO - √çcone da aplica√ß√£o carregado: assets/icon.ico
2025-10-16 17:48:56,710 - XMLSender.HistoryManager - INFO - Banco de dados inicializado: data/history.db
2025-10-16 17:48:57,278 - XMLSender - INFO - Aplica√ß√£o iniciada com sucesso
2025-10-16 17:49:21,466 - XMLSender - INFO - Iniciando processo de encerramento da aplica√ß√£o
2025-10-16 17:49:21,467 - XMLSender.ConfigManager - INFO - Configura√ß√µes salvas em config/settings.json
2025-10-16 17:49:21,467 - XMLSender - INFO - Configura√ß√µes salvas com sucesso
2025-10-16 17:49:21,467 - XMLSender - INFO - Aplica√ß√£o encerrada
2025-10-16 17:49:36,497 - XMLSender - INFO - Iniciando aplica√ß√£o Envio de Arquivos XML v1.0.0
2025-10-16 17:49:36,498 - XMLSender.ConfigManager - INFO - Configura√ß√µes carregadas de config/settings.json
2025-10-16 17:49:36,582 - XMLSender - INFO - √çcone da aplica√ß√£o carregado: assets/icon.ico
2025-10-16 17:49:36,583 - XMLSender.HistoryManager - INFO - Banco de dados inicializado: data/history.db
2025-10-16 17:49:37,127 - XMLSender - INFO - Aplica√ß√£o iniciada com sucesso
2025-10-16 17:49:59,099 - XMLSender.ConfigManager - INFO - Configura√ß√µes salvas em config/settings.json
2025-10-16 17:50:01,347 - XMLSender.ConfigManager - INFO - Configura√ß√µes salvas em config/settings.json
2025-10-16 17:50:37,334 - XMLSender - INFO - Iniciando aplica√ß√£o Envio de Arquivos XML v1.0.0
2025-10-16 17:50:37,334 - XMLSender.ConfigManager - INFO - Configura√ß√µes carregadas de config/settings.json
2025-10-16 17:50:37,430 - XMLSender - INFO - √çcone da aplica√ß√£o carregado: assets/icon.ico
2025-10-16 17:50:37,431 - XMLSender.HistoryManager - INFO - Banco de dados inicializado: data/history.db
2025-10-16 17:50:37,980 - XMLSender - INFO - Aplica√ß√£o iniciada com sucesso
2025-10-16 17:50:42,035 - XMLSender - INFO - Iniciando processo de encerramento da aplica√ß√£o
2025-10-16 17:50:42,036 - XMLSender.ConfigManager - INFO - Configura√ß√µes salvas em config/settings.json
2025-10-16 17:50:42,036 - XMLSender - INFO - Configura√ß√µes salvas com sucesso
2025-10-16 17:50:42,036 - XMLSender - INFO - Aplica√ß√£o encerrada
2025-10-16 17:51:27,153 - XMLSender.XMLFinder - INFO - Buscando arquivos XML para Doc ID=00000000000100, per√≠odo=202512
2025-10-16 17:51:27,153 - XMLSender.XMLFinder - INFO - Verificando caminho NFCe: C:\DigiSat\SuiteG6\Servidor\DFe\00000000000100\Enviado\NFCe\202512\Autorizados
2025-10-16 17:51:27,153 - XMLSender.XMLFinder - WARNING - Diret√≥rio n√£o encontrado: C:\DigiSat\SuiteG6\Servidor\DFe\00000000000100\Enviado\NFCe\202512\Autorizados
2025-10-16 17:51:27,154 - XMLSender.XMLFinder - INFO - Tentando caminho NFe: C:\DigiSat\SuiteG6\Servidor\DFe\00000000000100\Enviado\NF-e\202512\Autorizados
2025-10-16 17:51:27,154 - XMLSender.XMLFinder - INFO - Tentando caminho NFe: C:\DigiSat\SuiteG6\Servidor\DFe\00000000000100\Enviado\NFe\202512\Autorizados
2025-10-16 17:51:27,154 - XMLSender.XMLFinder - INFO - Tentando caminho NFe: C:\DigiSat\SuiteG6\Servidor\DFe\00000000000100\Enviado\nfe\202512\Autorizados
2025-10-16 17:51:27,154 - XMLSender.XMLFinder - INFO - Tentando caminho NFe: C:\DigiSat\SuiteG6\Servidor\DFe\00000000000100\Enviado\NF_e\202512\Autorizados
2025-10-16 17:51:27,154 - XMLSender.XMLFinder - INFO - Tentando caminho NFe: C:\DigiSat\SuiteG6\Servidor\DFe\00000000000100\Enviado\NFE\202512\Autorizados
2025-10-16 17:51:27,154 - XMLSender.XMLFinder - INFO - Tentando busca flex√≠vel em: C:\DigiSat\SuiteG6\Servidor\DFe\00000000000100\Enviado
2025-10-16 17:51:27,154 - XMLSender.XMLFinder - WARNING - Nenhum diret√≥rio NFe encontrado para o per√≠odo 202512
2025-10-16 17:51:27,154 - XMLSender.XMLFinder - INFO - === DEBUG NFe - Estrutura de diret√≥rios ===
2025-10-16 17:51:27,154 - XMLSender.XMLFinder - INFO - Base path: C:\DigiSat\SuiteG6\Servidor\DFe\00000000000100\Enviado
2025-10-16 17:51:27,154 - XMLSender.XMLFinder - WARNING - Base path n√£o existe: C:\DigiSat\SuiteG6\Servidor\DFe\00000000000100\Enviado
2025-10-16 17:51:27,158 - XMLSender.XMLFinder - INFO - Buscando arquivos XML para Doc ID=00000000000100, per√≠odo=201802
2025-10-16 17:51:27,158 - XMLSender.XMLFinder - INFO - Verificando caminho NFCe: C:\DigiSat\SuiteG6\Servidor\DFe\00000000000100\Enviado\NFCe\201802\Autorizados
2025-10-16 17:51:27,159 - XMLSender.XMLFinder - WARNING - Diret√≥rio n√£o encontrado: C:\DigiSat\SuiteG6\Servidor\DFe\00000000000100\Enviado\NFCe\201802\Autorizados
2025-10-16 17:51:27,159 - XMLSender.XMLFinder - INFO - Tentando caminho NFe: C:\DigiSat\SuiteG6\Servidor\DFe\00000000000100\Enviado\NF-e\201802\Autorizados
2025-10-16 17:51:27,159 - XMLSender.XMLFinder - INFO - Tentando caminho NFe: C:\DigiSat\SuiteG6\Servidor\DFe\00000000000100\Enviado\NFe\201802\Autorizados
2025-10-16 17:51:27,159 - XMLSender.XMLFinder - INFO - Tentando caminho NFe: C:\DigiSat\SuiteG6\Servidor\DFe\00000000000100\Enviado\nfe\201802\Autorizados
2025-10-16 17:51:27,159 - XMLSender.XMLFinder - INFO - Tentando caminho NFe: C:\DigiSat\SuiteG6\Servidor\DFe\00000000000100\Enviado\NF_e\201802\Autorizados
2025-10-16 17:51:27,159 - XMLSender.XMLFinder - INFO - Tentando caminho NFe: C:\DigiSat\SuiteG6\Servidor\DFe\00000000000100\Enviado\NFE\201802\Autorizados
2025-10-16 17:51:27,159 - XMLSender.XMLFinder - INFO - Tentando busca flex√≠vel em: C:\DigiSat\SuiteG6\Servidor\DFe\00000000000100\Enviado
2025-10-16 17:51:27,159 - XMLSender.XMLFinder - WARNING - Nenhum diret√≥rio NFe encontrado para o per√≠odo 201802
2025-10-16 17:51:27,159 - XMLSender.XMLFinder - INFO - === DEBUG NFe - Estrutura de diret√≥rios ===
2025-10-16 17:51:27,159 - XMLSender.XMLFinder - INFO - Base path: C:\DigiSat\SuiteG6\Servidor\DFe\00000000000100\Enviado
2025-10-16 17:51:27,159 - XMLSender.XMLFinder - WARNING - Base path n√£o existe: C:\DigiSat\SuiteG6\Servidor\DFe\00000000000100\Enviado
2025-10-16 17:51:33,719 - XMLSender - INFO - Iniciando processo de encerramento da aplica√ß√£o
2025-10-16 17:51:33,720 - XMLSender.ConfigManager - INFO - Configura√ß√µes salvas em config/settings.json
2025-10-16 17:51:33,720 - XMLSender - INFO - Configura√ß√µes salvas com sucesso
2025-10-16 17:51:33,720 - XMLSender - INFO - Aplica√ß√£o encerrada
2025-10-16 17:51:48,588 - XMLSender - INFO - Iniciando aplica√ß√£o Envio de Arquivos XML v1.0.0
2025-10-16 17:51:48,589 - XMLSender.ConfigManager - INFO - Configura√ß√µes carregadas de config/settings.json
2025-10-16 17:51:48,673 - XMLSender - INFO - √çcone da aplica√ß√£o carregado: assets/icon.ico
2025-10-16 17:51:48,675 - XMLSender.HistoryManager - INFO - Banco de dados inicializado: data/history.db
2025-10-16 17:51:49,207 - XMLSender - INFO - Aplica√ß√£o iniciada com sucesso
2025-10-16 17:52:14,319 - XMLSender - INFO - Iniciando processo de encerramento da aplica√ß√£o
2025-10-16 17:52:14,320 - XMLSender.ConfigManager - INFO - Configura√ß√µes salvas em config/settings.json
2025-10-16 17:52:14,320 - XMLSender - INFO - Configura√ß√µes salvas com sucesso
2025-10-16 17:52:14,320 - XMLSender - INFO - Aplica√ß√£o encerrada
2025-10-16 17:53:15,430 - XMLSender - INFO - Iniciando aplica√ß√£o Envio de Arquivos XML v1.0.0
2025-10-16 17:53:15,430 - XMLSender.ConfigManager - INFO - Configura√ß√µes carregadas de config/settings.json
2025-10-16 17:53:15,516 - XMLSender - INFO - √çcone da aplica√ß√£o carregado: assets/icon.ico
2025-10-16 17:53:15,518 - XMLSender.HistoryManager - INFO - Banco de dados inicializado: data/history.db
2025-10-16 17:53:16,057 - XMLSender - INFO - Aplica√ß√£o iniciada com sucesso
2025-10-16 17:53:39,548 - XMLSender - INFO - Iniciando processo de encerramento da aplica√ß√£o
2025-10-16 17:53:39,549 - XMLSender.ConfigManager - INFO - Configura√ß√µes salvas em config/settings.json
2025-10-16 17:53:39,549 - XMLSender - INFO - Configura√ß√µes salvas com sucesso
2025-10-16 17:53:39,549 - XMLSender - INFO - Aplica√ß√£o encerrada
2025-10-16 17:54:27,837 - XMLSender - INFO - Iniciando aplica√ß√£o Envio de Arquivos XML v1.0.0
2025-10-16 17:54:27,838 - XMLSender.ConfigManager - INFO - Configura√ß√µes carregadas de config/settings.json
2025-10-16 17:54:27,921 - XMLSender - INFO - √çcone da aplica√ß√£o carregado: assets/icon.ico
2025-10-16 17:54:27,922 - XMLSender.HistoryManager - INFO - Banco de dados inicializado: data/history.db
2025-10-16 17:54:28,441 - XMLSender - INFO - Aplica√ß√£o iniciada com sucesso
2025-10-16 17:54:32,337 - XMLSender - INFO - Iniciando processo de encerramento da aplica√ß√£o
2025-10-16 17:54:32,338 - XMLSender.ConfigManager - INFO - Configura√ß√µes salvas em config/settings.json
2025-10-16 17:54:32,338 - XMLSender - INFO - Configura√ß√µes salvas com sucesso
2025-10-16 17:54:32,338 - XMLSender - INFO - Aplica√ß√£o encerrada
